---
source: emf-agent/src/network_interface.rs
expression: network_interfaces
---
{
  "Ok": [
    {
      "interface": "eth0",
      "mac_address": "52:54:00:12:34:56",
      "interface_type": "tcp",
      "inet4_address": [
        "10.0.2.15/24"
      ],
      "inet6_address": [
        "fec0::5054:ff:fe12:3456/64",
        "fe80::5054:ff:fe12:3456/64"
      ],
      "stats": {
        "rx": {
          "bytes": 317887,
          "packets": 2801,
          "errs": 0,
          "drop": 0,
          "fifo": 0,
          "frame": 0,
          "compressed": 0,
          "multicast": 0
        },
        "tx": {
          "bytes": 48775,
          "packets": 378,
          "errs": 0,
          "drop": 0,
          "fifo": 0,
          "colls": 0,
          "carrier": 0,
          "compressed": 0
        }
      },
      "is_up": true,
      "is_slave": false
    },
    {
      "interface": "ens2",
      "mac_address": "02:00:c3:ab:85:3c",
      "interface_type": "tcp",
      "inet4_address": [
        "172.16.71.89/24"
      ],
      "inet6_address": [
        "fe80::c3ff:feab:853c/64"
      ],
      "stats": {
        "rx": {
          "bytes": 46001035979,
          "packets": 46896790,
          "errs": 0,
          "drop": 2,
          "fifo": 0,
          "frame": 0,
          "compressed": 0,
          "multicast": 0
        },
        "tx": {
          "bytes": 4402856753,
          "packets": 18381737,
          "errs": 0,
          "drop": 0,
          "fifo": 0,
          "colls": 0,
          "carrier": 0,
          "compressed": 0
        }
      },
      "is_up": true,
      "is_slave": false
    },
    {
      "interface": "ens3",
      "mac_address": "02:00:db:46:85:3d",
      "interface_type": "tcp",
      "inet4_address": [],
      "inet6_address": [],
      "stats": {
        "rx": {
          "bytes": 0,
          "packets": 0,
          "errs": 0,
          "drop": 0,
          "fifo": 0,
          "frame": 0,
          "compressed": 0,
          "multicast": 0
        },
        "tx": {
          "bytes": 0,
          "packets": 0,
          "errs": 0,
          "drop": 0,
          "fifo": 0,
          "colls": 0,
          "carrier": 0,
          "compressed": 0
        }
      },
      "is_up": true,
      "is_slave": false
    },
    {
      "interface": "ens4",
      "mac_address": "02:00:0c:7f:85:3e",
      "interface_type": "tcp",
      "inet4_address": [],
      "inet6_address": [],
      "stats": {
        "rx": {
          "bytes": 0,
          "packets": 0,
          "errs": 0,
          "drop": 0,
          "fifo": 0,
          "frame": 0,
          "compressed": 0,
          "multicast": 0
        },
        "tx": {
          "bytes": 0,
          "packets": 0,
          "errs": 0,
          "drop": 0,
          "fifo": 0,
          "colls": 0,
          "carrier": 0,
          "compressed": 0
        }
      },
      "is_up": true,
      "is_slave": false
    },
    {
      "interface": "",
      "mac_address": "6e:e0:4e:0a:cd:24",
      "interface_type": "tcp",
      "inet4_address": [],
      "inet6_address": [
        "fe80::6ce0:4eff:fe0a:cd24/64"
      ],
      "stats": null,
      "is_up": false,
      "is_slave": false
    },
    {
      "interface": "bond0",
      "mac_address": "0c:42:a1:e2:b7:fc",
      "interface_type": "tcp",
      "inet4_address": [
        "10.64.58.101/25",
        "10.64.58.116/30"
      ],
      "inet6_address": [
        "fe80::e42:a1ff:fee2:b7fc/64"
      ],
      "stats": {
        "rx": {
          "bytes": 3034630257066,
          "packets": 5378678770,
          "errs": 0,
          "drop": 0,
          "fifo": 0,
          "frame": 0,
          "compressed": 0,
          "multicast": 0
        },
        "tx": {
          "bytes": 61413454336532,
          "packets": 17612309123,
          "errs": 0,
          "drop": 0,
          "fifo": 0,
          "colls": 0,
          "carrier": 0,
          "compressed": 0
        }
      },
      "is_up": true,
      "is_slave": false
    },
    {
      "interface": "",
      "mac_address": "02:42:c1:76:a8:b2",
      "interface_type": "tcp",
      "inet4_address": [
        "172.17.0.1/16"
      ],
      "inet6_address": [],
      "stats": null,
      "is_up": false,
      "is_slave": false
    },
    {
      "interface": "",
      "mac_address": "32:ad:70:12:5e:d6",
      "interface_type": "tcp",
      "inet4_address": [],
      "inet6_address": [
        "fe80::30ad:70ff:fe12:5ed6/64"
      ],
      "stats": null,
      "is_up": false,
      "is_slave": false
    },
    {
      "interface": "",
      "mac_address": "02:42:41:8c:6d:5d",
      "interface_type": "tcp",
      "inet4_address": [
        "172.18.0.1/16"
      ],
      "inet6_address": [
        "fe80::42:41ff:fe8c:6d5d/64"
      ],
      "stats": null,
      "is_up": false,
      "is_slave": false
    },
    {
      "interface": "",
      "mac_address": "fa:86:e8:4b:e4:4e",
      "interface_type": "tcp",
      "inet4_address": [],
      "inet6_address": [
        "fe80::f886:e8ff:fe4b:e44e/64"
      ],
      "stats": null,
      "is_up": false,
      "is_slave": false
    },
    {
      "interface": "",
      "mac_address": "6e:a0:48:96:d6:f8",
      "interface_type": "tcp",
      "inet4_address": [],
      "inet6_address": [
        "fe80::6ca0:48ff:fe96:d6f8/64"
      ],
      "stats": null,
      "is_up": false,
      "is_slave": false
    },
    {
      "interface": "",
      "mac_address": "0e:63:9e:4e:fc:cb",
      "interface_type": "tcp",
      "inet4_address": [],
      "inet6_address": [
        "fe80::c63:9eff:fe4e:fccb/64"
      ],
      "stats": null,
      "is_up": false,
      "is_slave": false
    },
    {
      "interface": "",
      "mac_address": "72:54:e6:2b:25:15",
      "interface_type": "tcp",
      "inet4_address": [],
      "inet6_address": [
        "fe80::7054:e6ff:fe2b:2515/64"
      ],
      "stats": null,
      "is_up": false,
      "is_slave": false
    },
    {
      "interface": "",
      "mac_address": "be:6e:fb:c4:74:d4",
      "interface_type": "tcp",
      "inet4_address": [],
      "inet6_address": [
        "fe80::bc6e:fbff:fec4:74d4/64"
      ],
      "stats": null,
      "is_up": false,
      "is_slave": false
    },
    {
      "interface": "",
      "mac_address": "0e:18:ba:42:9e:57",
      "interface_type": "tcp",
      "inet4_address": [],
      "inet6_address": [
        "fe80::c18:baff:fe42:9e57/64"
      ],
      "stats": null,
      "is_up": false,
      "is_slave": false
    },
    {
      "interface": "",
      "mac_address": "fe:a0:47:d9:d4:1b",
      "interface_type": "tcp",
      "inet4_address": [],
      "inet6_address": [
        "fe80::fca0:47ff:fed9:d41b/64"
      ],
      "stats": null,
      "is_up": false,
      "is_slave": false
    },
    {
      "interface": "",
      "mac_address": "86:23:26:a6:7d:14",
      "interface_type": "tcp",
      "inet4_address": [],
      "inet6_address": [
        "fe80::8423:26ff:fea6:7d14/64"
      ],
      "stats": null,
      "is_up": false,
      "is_slave": false
    },
    {
      "interface": "",
      "mac_address": "26:03:e8:bf:3e:0b",
      "interface_type": "tcp",
      "inet4_address": [],
      "inet6_address": [
        "fe80::2403:e8ff:febf:3e0b/64"
      ],
      "stats": null,
      "is_up": false,
      "is_slave": false
    },
    {
      "interface": "",
      "mac_address": "1e:34:bd:9f:7c:08",
      "interface_type": "tcp",
      "inet4_address": [],
      "inet6_address": [
        "fe80::1c34:bdff:fe9f:7c08/64"
      ],
      "stats": null,
      "is_up": false,
      "is_slave": false
    },
    {
      "interface": "",
      "mac_address": "66:bb:c4:e5:79:c9",
      "interface_type": "tcp",
      "inet4_address": [],
      "inet6_address": [
        "fe80::64bb:c4ff:fee5:79c9/64"
      ],
      "stats": null,
      "is_up": false,
      "is_slave": false
    },
    {
      "interface": "",
      "mac_address": "e2:9c:7c:32:32:0c",
      "interface_type": "tcp",
      "inet4_address": [],
      "inet6_address": [
        "fe80::e09c:7cff:fe32:320c/64"
      ],
      "stats": null,
      "is_up": false,
      "is_slave": false
    },
    {
      "interface": "",
      "mac_address": "6e:ef:e5:e2:34:c7",
      "interface_type": "tcp",
      "inet4_address": [],
      "inet6_address": [
        "fe80::6cef:e5ff:fee2:34c7/64"
      ],
      "stats": null,
      "is_up": false,
      "is_slave": false
    },
    {
      "interface": "",
      "mac_address": "ca:ac:90:21:a2:02",
      "interface_type": "tcp",
      "inet4_address": [],
      "inet6_address": [
        "fe80::c8ac:90ff:fe21:a202/64"
      ],
      "stats": null,
      "is_up": false,
      "is_slave": false
    },
    {
      "interface": "",
      "mac_address": "de:3c:4a:1b:20:f4",
      "interface_type": "tcp",
      "inet4_address": [],
      "inet6_address": [
        "fe80::dc3c:4aff:fe1b:20f4/64"
      ],
      "stats": null,
      "is_up": false,
      "is_slave": false
    },
    {
      "interface": "",
      "mac_address": "82:4b:40:80:12:6f",
      "interface_type": "tcp",
      "inet4_address": [],
      "inet6_address": [
        "fe80::804b:40ff:fe80:126f/64"
      ],
      "stats": null,
      "is_up": false,
      "is_slave": false
    },
    {
      "interface": "",
      "mac_address": "1e:55:a1:63:24:6a",
      "interface_type": "tcp",
      "inet4_address": [],
      "inet6_address": [
        "fe80::1c55:a1ff:fe63:246a/64"
      ],
      "stats": null,
      "is_up": false,
      "is_slave": false
    },
    {
      "interface": "",
      "mac_address": "72:cd:d4:79:13:50",
      "interface_type": "tcp",
      "inet4_address": [],
      "inet6_address": [
        "fe80::70cd:d4ff:fe79:1350/64"
      ],
      "stats": null,
      "is_up": false,
      "is_slave": false
    },
    {
      "interface": "",
      "mac_address": "36:00:ab:2a:95:3b",
      "interface_type": "tcp",
      "inet4_address": [],
      "inet6_address": [
        "fe80::3400:abff:fe2a:953b/64"
      ],
      "stats": null,
      "is_up": false,
      "is_slave": false
    },
    {
      "interface": "",
      "mac_address": "8a:74:72:5c:09:4b",
      "interface_type": "tcp",
      "inet4_address": [],
      "inet6_address": [
        "fe80::8874:72ff:fe5c:94b/64"
      ],
      "stats": null,
      "is_up": false,
      "is_slave": false
    },
    {
      "interface": "",
      "mac_address": "b6:d7:1e:24:66:cd",
      "interface_type": "tcp",
      "inet4_address": [],
      "inet6_address": [
        "fe80::b4d7:1eff:fe24:66cd/64"
      ],
      "stats": null,
      "is_up": false,
      "is_slave": false
    },
    {
      "interface": "",
      "mac_address": "ae:b5:7d:3b:15:1b",
      "interface_type": "tcp",
      "inet4_address": [],
      "inet6_address": [
        "fe80::acb5:7dff:fe3b:151b/64"
      ],
      "stats": null,
      "is_up": false,
      "is_slave": false
    },
    {
      "interface": "",
      "mac_address": "fa:65:b9:48:e7:2c",
      "interface_type": "tcp",
      "inet4_address": [],
      "inet6_address": [
        "fe80::f865:b9ff:fe48:e72c/64"
      ],
      "stats": null,
      "is_up": false,
      "is_slave": false
    },
    {
      "interface": "",
      "mac_address": "92:7a:43:87:0b:10",
      "interface_type": "tcp",
      "inet4_address": [],
      "inet6_address": [
        "fe80::907a:43ff:fe87:b10/64"
      ],
      "stats": null,
      "is_up": false,
      "is_slave": false
    },
    {
      "interface": "",
      "mac_address": "62:5e:e8:91:57:b7",
      "interface_type": "tcp",
      "inet4_address": [],
      "inet6_address": [
        "fe80::605e:e8ff:fe91:57b7/64"
      ],
      "stats": null,
      "is_up": false,
      "is_slave": false
    },
    {
      "interface": "",
      "mac_address": "0a:bc:db:3f:c0:60",
      "interface_type": "tcp",
      "inet4_address": [],
      "inet6_address": [
        "fe80::8bc:dbff:fe3f:c060/64"
      ],
      "stats": null,
      "is_up": false,
      "is_slave": false
    },
    {
      "interface": "",
      "mac_address": "86:0a:be:2e:d5:28",
      "interface_type": "tcp",
      "inet4_address": [],
      "inet6_address": [
        "fe80::840a:beff:fe2e:d528/64"
      ],
      "stats": null,
      "is_up": false,
      "is_slave": false
    },
    {
      "interface": "",
      "mac_address": "2e:b1:88:3c:4d:e2",
      "interface_type": "tcp",
      "inet4_address": [],
      "inet6_address": [
        "fe80::2cb1:88ff:fe3c:4de2/64"
      ],
      "stats": null,
      "is_up": false,
      "is_slave": false
    },
    {
      "interface": "",
      "mac_address": "8e:3a:ac:76:78:be",
      "interface_type": "tcp",
      "inet4_address": [],
      "inet6_address": [
        "fe80::8c3a:acff:fe76:78be/64"
      ],
      "stats": null,
      "is_up": false,
      "is_slave": false
    }
  ]
}
