---
source: emf-agent/src/network_interfaces.rs
expression: yaml
---
{
  "net": [
    {
      "net type": "lo",
      "local NI(s)": [
        {
          "nid": "0@lo",
          "status": "up",
          "interfaces": null
        }
      ]
    },
    {
      "net type": "tcp",
      "local NI(s)": [
        {
          "nid": "10.73.20.21@tcp",
          "status": "up",
          "interfaces": {
            "0": "eth1",
            "1": "eth2"
          }
        }
      ]
    },
    {
      "net type": "o2ib",
      "local NI(s)": [
        {
          "nid": "172.16.0.24@o2ib",
          "status": "down",
          "interfaces": {
            "0": "ib0",
            "1": "ib3"
          }
        },
        {
          "nid": "172.16.0.28@o2ib",
          "status": "up",
          "interfaces": {
            "0": "ib1",
            "1": "ib4",
            "2": "ib5"
          }
        }
      ]
    }
  ]
}
