---
source: iml-cli/src/nginx.rs
expression: config
---
map $ssl_client_s_dn $ssl_client_s_dn_cn {
    default "";
    ~CN=(?<CN>[^,]+) $CN;
}

map $status $loggable {
    ~^[23]  0;
    default 1;
}

map $uri $cache_control {
    default no-cache;
    ~\.html$ public,must-revalidate;
    ~\.(jpg|jpeg|png|gif|ico|css|js|wasm|woff2|svg)$ public,max-age=31536000,immutable;
}

server {
    root /var/lib/chroma;

    listen 443 ssl http2;

    error_page 497 https://$http_host$request_uri;

    proxy_read_timeout 330s;

    access_log /var/log/nginx/access.log combined if=$loggable;

    types {
        application/javascript js;
        application/json json map;
        application/manifest+json webmanifest;
        application/octet-stream bin exe dll;
        application/octet-stream deb;
        application/octet-stream dmg;
        application/octet-stream eot;
        application/octet-stream iso img;
        application/octet-stream msi msp msm;
        application/wasm wasm;
        application/x-makeself run;
        application/x-pilot prc pdb;
        application/x-rar-compressed rar;
        application/x-redhat-package-manager rpm;
        application/x-shockwave-flash swf;
        application/x-tcl tcl tk;
        application/x-x509-ca-cert der pem crt;
        application/zip zip;
        font/woff woff;
        font/woff2 woff2;
        image/gif gif;
        image/jpeg jpeg jpg;
        image/png png;
        image/svg+xml svg;
        image/x-icon ico;
        text/css css;
        text/html html htm;
        text/plain txt;
        text/x-component htc;
        text/xml xml rss;
    }

    ssl_certificate /var/lib/chroma/manager.crt;
    ssl_certificate_key /var/lib/chroma/manager.pem;
    ssl_trusted_certificate /var/lib/chroma/authority.crt;
    ssl_client_certificate /var/lib/chroma/authority.crt;
    ssl_verify_client optional;
    ssl_protocols TLSv1.2 TLSv1.3;
    ssl_prefer_server_ciphers on;

    ssl_session_cache shared:SSL:10m;
    ssl_session_timeout 180m;

    gzip_comp_level 5;

    location /certificate/ {
        return 301 https://$http_host/certificate;
    }

    location /certificate {
        alias /var/lib/chroma/authority.crt;
        types {}
        default_type application/octet-stream;
        add_header Content-disposition "attachment; filename=download.cer";
    }

    location ~ ^/$ {
        return 301 https://$http_host/ui;
    }

    location /help {
        alias /usr/lib/iml-manager/iml-online-help;

        gzip on;
        gzip_types text/plain text/xml text/css application/x-javascript application/javascript text/javascript application/json;

        index index.html;
    }

    location ~ ^/ui/(favicon.*|android-chrome.*|apple-touch-icon\.png|mstile-150x150\.png|safari-pinned-tab\.svg)$ {
        try_files /branding/$1 /../../../usr/share/iml-manager/rust-iml-gui/$1;
    }

    location /ui {
        proxy_pass http://ui.fake/;

        etag on;
        expires 1y;
        add_header Cache-Control $cache_control;

        gzip on;
        gzip_types
            application/javascript
            application/json
            application/manifest+json
            application/wasm
            application/x-javascript
            application/x-web-app-manifest+json
            image/*
            text/css
            text/javascript;
    }

    location /auth {
        internal;
        proxy_set_header X-Forwarded-Host $host;
        proxy_set_header X-Forwarded-Server $host;
        proxy_set_header X-Forwarded-For $proxy_add_x_forwarded_for;
        proxy_pass_request_body off;
        proxy_set_header Content-Length "";
        proxy_pass http://127.0.0.1:8001/api/auth/;
    }

    location /anon_auth {
        internal;
        proxy_set_header X-Forwarded-Host $host;
        proxy_set_header X-Forwarded-Server $host;
        proxy_set_header X-Forwarded-For $proxy_add_x_forwarded_for;
        proxy_pass_request_body off;
        proxy_set_header Content-Length "";
        proxy_pass http://127.0.0.1:8001/api/anon_auth/;
    }

    location /grafana {
        auth_request /anon_auth;
        proxy_set_header Host $host;
        proxy_set_header X-Real-IP $remote_addr;
        proxy_set_header X-Forwarded-Host $host;
        proxy_set_header X-Forwarded-Server $host;
        proxy_set_header X-Forwarded-For $proxy_add_x_forwarded_for;
        proxy_set_header X-WEBAUTH-USER "admin";
        rewrite  ^/grafana/(.*)  /$1 break;
        proxy_pass http://127.0.0.1:3000;

        etag on;
        expires 1y;
        add_header Cache-Control $cache_control;

        gzip_proxied any;
    }

    location /influx {
        limit_except GET { deny all; }
        auth_request /anon_auth;
        proxy_set_header Host $host;
        proxy_set_header X-Real-IP $remote_addr;
        proxy_set_header X-Forwarded-Host $host;
        proxy_set_header X-Forwarded-Server $host;
        proxy_set_header X-Forwarded-For $proxy_add_x_forwarded_for;
        proxy_pass http://127.0.0.1:8086/query;

        gzip_proxied any;
    }

    location /api/conf {
        proxy_set_header Host $http_host;
        proxy_set_header X-Forwarded-Proto $scheme;
        proxy_set_header X-Forwarded-Server $host;
        proxy_set_header X-Forwarded-For $proxy_add_x_forwarded_for;
        proxy_pass http://127.0.0.1:8004/conf;
    }

    location /api/action {
        auth_request /auth;

        proxy_set_header Host $http_host;
        proxy_set_header X-Forwarded-Proto $scheme;
        proxy_set_header X-Forwarded-Server $host;
        proxy_set_header X-Forwarded-For $proxy_add_x_forwarded_for;
        proxy_pass http://127.0.0.1:8004/action;

        gzip on;
        gzip_types application/json;
    }

    location /graphql_schema {
        proxy_set_header Host $http_host;
        auth_request /auth;
        proxy_set_header X-Forwarded-Proto $scheme;
        proxy_set_header X-Forwarded-Server $host;
        proxy_set_header X-Forwarded-For $proxy_add_x_forwarded_for;
        proxy_pass http://127.0.0.1:8004/graphql_schema;
    }

    location /graphql {
        proxy_set_header Host $http_host;
        auth_request /auth;
        proxy_set_header X-Forwarded-Proto $scheme;
        proxy_set_header X-Forwarded-Server $host;
        proxy_set_header X-Forwarded-For $proxy_add_x_forwarded_for;
        proxy_pass http://127.0.0.1:8004/graphql;

        gzip on;
        gzip_types application/json;
    }

    location /graphiql {
        proxy_set_header Host $http_host;
        auth_request /auth;
        proxy_set_header X-Forwarded-Proto $scheme;
        proxy_set_header X-Forwarded-Server $host;
        proxy_set_header X-Forwarded-For $proxy_add_x_forwarded_for;
        proxy_pass http://127.0.0.1:8004/graphiql;
    }

    location /api {
        proxy_set_header Host $http_host;
        proxy_set_header X-Forwarded-Proto $scheme;
        proxy_set_header X-Forwarded-Server $host;
        proxy_set_header X-Forwarded-For $proxy_add_x_forwarded_for;
        proxy_pass http://127.0.0.1:8001/api;

        gzip on;
        gzip_types application/json;
    }

    location /messaging {
        proxy_set_header X-Forwarded-Host $host;
        proxy_set_header X-Forwarded-Server $host;
        proxy_set_header X-Forwarded-For $proxy_add_x_forwarded_for;
        proxy_http_version 1.1;
        proxy_set_header Connection '';
        proxy_pass http://127.0.0.1:8890;
    }

    location /mailbox {
        if ($ssl_client_verify != SUCCESS) {
            return 401;
        }

        client_max_body_size 0m;

        proxy_set_header X-SSL-Client-On $ssl_client_verify;
        proxy_set_header X-SSL-Client-Name $ssl_client_s_dn_cn;
        proxy_set_header X-SSL-Client-Serial $ssl_client_serial;

        proxy_set_header X-Forwarded-Host $host;
        proxy_set_header X-Forwarded-Server $host;
        proxy_set_header X-Forwarded-For $proxy_add_x_forwarded_for;
        proxy_pass http://127.0.0.1:8891/mailbox;
    }

    location ~ /report/(.+)$ {
        auth_request /auth;

        types { } default_type application/octet-stream;
        gzip on;
        gzip_types application/octet-stream;

        sendfile on;
        tcp_nopush on;
        tcp_nodelay on;
        sendfile_max_chunk 1m;

        alias /var/spool/iml/report/$1;
    }

    location /report {
        if ($ssl_client_verify != SUCCESS) {
            return 401;
        }

        client_max_body_size 0m;

        proxy_set_header X-SSL-Client-On $ssl_client_verify;
        proxy_set_header X-SSL-Client-Name $ssl_client_s_dn_cn;
        proxy_set_header X-SSL-Client-Serial $ssl_client_serial;

        proxy_set_header X-Forwarded-Host $host;
        proxy_set_header X-Forwarded-Server $host;
        proxy_set_header X-Forwarded-For $proxy_add_x_forwarded_for;
        proxy_pass http://127.0.0.1:8893/report;
    }

    location /agent/register {
        proxy_set_header X-Forwarded-Host $host;
        proxy_set_header X-Forwarded-Server $host;
        proxy_set_header X-Forwarded-For $proxy_add_x_forwarded_for;
        proxy_pass http://127.0.0.1:8002/agent/register;
    }

    location /agent/setup {
        proxy_set_header X-Forwarded-Host $host;
        proxy_set_header X-Forwarded-Server $host;
        proxy_set_header X-Forwarded-For $proxy_add_x_forwarded_for;
        proxy_pass http://127.0.0.1:8002/agent/setup;
    }

    location /agent/reregister {
        if ($ssl_client_verify != SUCCESS) {
            return 401;
        }

        proxy_set_header X-SSL-Client-On $ssl_client_verify;
        proxy_set_header X-SSL-Client-Name $ssl_client_s_dn_cn;
        proxy_set_header X-SSL-Client-Serial $ssl_client_serial;

        proxy_set_header X-Forwarded-Host $host;
        proxy_set_header X-Forwarded-Server $host;
        proxy_set_header X-Forwarded-For $proxy_add_x_forwarded_for;
        proxy_pass http://127.0.0.1:8002/agent/reregister;
    }

    location /agent/message {
        client_body_buffer_size 1m;
        client_max_body_size 8m;

        if ($ssl_client_verify != SUCCESS) {
            return 401;
        }

        proxy_set_header X-SSL-Client-On $ssl_client_verify;
        proxy_set_header X-SSL-Client-Name $ssl_client_s_dn_cn;
        proxy_set_header X-SSL-Client-Serial $ssl_client_serial;

        proxy_set_header X-Forwarded-Host $host;
        proxy_set_header X-Forwarded-Server $host;
        proxy_set_header X-Forwarded-For $proxy_add_x_forwarded_for;
        proxy_pass http://127.0.0.1:8002/agent/message;
    }

    location /agent2/message {
        client_body_buffer_size 1m;
        client_max_body_size 8m;

        if ($ssl_client_verify != SUCCESS) {
            return 401;
        }

        proxy_set_header X-SSL-Client-On $ssl_client_verify;
        proxy_set_header X-SSL-Client-Name $ssl_client_s_dn_cn;
        proxy_set_header X-SSL-Client-Serial $ssl_client_serial;

        proxy_set_header X-Forwarded-Host $host;
        proxy_set_header X-Forwarded-Server $host;
        proxy_set_header X-Forwarded-For $proxy_add_x_forwarded_for;
        proxy_pass http://127.0.0.1:8003/message;
    }

    location /agent/copytool_event {
        if ($ssl_client_verify != SUCCESS) {
            return 401;
        }

        proxy_set_header X-SSL-Client-On $ssl_client_verify;
        proxy_set_header X-SSL-Client-Name $ssl_client_s_dn_cn;
        proxy_set_header X-SSL-Client-Serial $ssl_client_serial;

        proxy_set_header X-Forwarded-Host $host;
        proxy_set_header X-Forwarded-Server $host;
        proxy_set_header X-Forwarded-For $proxy_add_x_forwarded_for;
        proxy_pass http://127.0.0.1:8002/agent/copytool_event;
    }

    location /repo/ {
        if ($ssl_client_verify != SUCCESS) {
            return 401;
        }

        proxy_set_header X-SSL-Client-On $ssl_client_verify;
        proxy_set_header X-SSL-Client-Name $ssl_client_s_dn_cn;

        autoindex on;
        alias /var/lib/chroma/repo/;
    }

    location /client/ {
        autoindex on;
        alias /var/lib/chroma/repo/lustre-client/;
    }

    location /iml_has_package_updates {
        if ($ssl_client_verify != SUCCESS) {
            return 401;
        }

        proxy_set_header X-SSL-Client-On $ssl_client_verify;
        proxy_set_header X-SSL-Client-Name $ssl_client_s_dn_cn;
        proxy_set_header X-SSL-Client-Serial $ssl_client_serial;

        proxy_set_header X-Forwarded-Host $host;
        proxy_set_header X-Forwarded-Server $host;
        proxy_set_header X-Forwarded-For $proxy_add_x_forwarded_for;
        proxy_set_header Http-Host $http_host;
        proxy_pass http://unix:/var/run/iml-update-handler.sock;
    }
}

# We should be able to use `alias` / `root` with `try_files`
# However, due to https://trac.nginx.org/nginx/ticket/97
# We need to do it this way.
upstream ui.fake {
    server 127.0.0.1;
}

server {
    server_name ui.fake;
    root /usr/share/iml-manager/rust-iml-gui;
    index index.html;

    types {
        application/javascript js;
        application/json json map;
        application/manifest+json webmanifest;
        application/wasm wasm;
        application/x-redhat-package-manager rpm;
        application/x-x509-ca-cert der pem crt;
        application/zip zip;
        font/woff woff;
        font/woff2 woff2;
        image/gif gif;
        image/jpeg jpeg jpg;
        image/png png;
        image/svg+xml svg;
        image/x-icon ico;
        text/css css;
        text/html html htm;
        text/plain txt;
        text/xml xml rss;
    }

    location / {
        try_files $uri $uri/ /index.html;
    }
}
