---
source: iml-action-dropdown/src/model.rs
expression: xs
---
[
    LockChange {
        uuid: "a-b-c",
        job_id: 53,
        content_type_id: 61,
        item_id: 1,
        description: "Shut down the LNet networking layer and stop any targets running on this server.",
        lock_type: Write,
        action: Add,
    },
]
