---
source: device-scanner-daemon/src/reducers/mount.rs
expression: mounts
---
{
    Mount {
        source: DevicePath(
            "/dev/sde1",
        ),
        target: MountPoint(
            "/mnt/part1",
        ),
        fs_type: FsType(
            "ext4",
        ),
        opts: MountOpts(
            "rw,relatime,data=ordered",
        ),
    },
}
