---
source: emf-services/emf-device/src/linux_plugin_transforms.rs
expression: data
---
{
  "devs": {
    "253:0": {
      "major_minor": "253:0",
      "parent": null,
      "partition_number": null,
      "path": "/dev/mapper/mpatha",
      "paths": [
        "/dev/mapper/mpatha",
        "/dev/disk/by-id/dm-name-mpatha",
        "/dev/disk/by-id/dm-uuid-mpath-3600140568c946040400460a896d0b196",
        "/dev/dm-0"
      ],
      "serial_83": "3600140568c946040400460a896d0b196",
      "serial_80": "SLIO-ORG ost1            68c94604-0400-460a-896d-0b196cd0a235",
      "size": 5368709120,
      "filesystem_type": null
    },
    "253:1": {
      "major_minor": "253:1",
      "parent": null,
      "partition_number": null,
      "path": "/dev/mapper/mpathb",
      "paths": [
        "/dev/mapper/mpathb",
        "/dev/disk/by-id/dm-name-mpathb",
        "/dev/disk/by-id/dm-uuid-mpath-36001405a63b61f10cbb4e229df0792d0",
        "/dev/dm-1"
      ],
      "serial_83": "36001405a63b61f10cbb4e229df0792d0",
      "serial_80": "SLIO-ORG ost2            a63b61f1-0cbb-4e22-9df0-792d0cf69575",
      "size": 5368709120,
      "filesystem_type": null
    },
    "253:10": {
      "major_minor": "253:10",
      "parent": null,
      "partition_number": null,
      "path": "/dev/mapper/mpathk",
      "paths": [
        "/dev/mapper/mpathk",
        "/dev/disk/by-id/dm-name-mpathk",
        "/dev/disk/by-id/dm-uuid-mpath-36001405047a9e1ee2c04af6b26216f3a",
        "/dev/dm-10"
      ],
      "serial_83": "36001405047a9e1ee2c04af6b26216f3a",
      "serial_80": "SLIO-ORG ost19           047a9e1e-e2c0-4af6-b262-16f3ac3ca915",
      "size": 5368709120,
      "filesystem_type": null
    },
    "253:11": {
      "major_minor": "253:11",
      "parent": null,
      "partition_number": null,
      "path": "/dev/mapper/mpathl",
      "paths": [
        "/dev/mapper/mpathl",
        "/dev/disk/by-id/dm-name-mpathl",
        "/dev/disk/by-id/dm-uuid-mpath-36001405b1662648389c47ae91f7f9c18",
        "/dev/dm-11"
      ],
      "serial_83": "36001405b1662648389c47ae91f7f9c18",
      "serial_80": "SLIO-ORG ost20           b1662648-389c-47ae-91f7-f9c18ead9f54",
      "size": 5368709120,
      "filesystem_type": null
    },
    "253:12": {
      "major_minor": "253:12",
      "parent": null,
      "partition_number": null,
      "path": "/dev/mapper/mpathm",
      "paths": [
        "/dev/mapper/mpathm",
        "/dev/disk/by-id/dm-name-mpathm",
        "/dev/disk/by-id/dm-uuid-mpath-360014051ea57ad4ffc243d6bcab8eb8c",
        "/dev/dm-12"
      ],
      "serial_83": "360014051ea57ad4ffc243d6bcab8eb8c",
      "serial_80": "SLIO-ORG ost3            1ea57ad4-ffc2-43d6-bcab-8eb8c2a60bfb",
      "size": 5368709120,
      "filesystem_type": null
    },
    "253:13": {
      "major_minor": "253:13",
      "parent": null,
      "partition_number": null,
      "path": "/dev/mapper/mpathn",
      "paths": [
        "/dev/mapper/mpathn",
        "/dev/disk/by-id/dm-name-mpathn",
        "/dev/disk/by-id/dm-uuid-mpath-36001405c9535ca96e924f9fa2e32ed89",
        "/dev/dm-13"
      ],
      "serial_83": "36001405c9535ca96e924f9fa2e32ed89",
      "serial_80": "SLIO-ORG ost4            c9535ca9-6e92-4f9f-a2e3-2ed89e8cf8be",
      "size": 5368709120,
      "filesystem_type": null
    },
    "253:14": {
      "major_minor": "253:14",
      "parent": null,
      "partition_number": null,
      "path": "/dev/mapper/mpatho",
      "paths": [
        "/dev/mapper/mpatho",
        "/dev/disk/by-id/dm-name-mpatho",
        "/dev/disk/by-id/dm-uuid-mpath-36001405aa1a4a2010734758a9e57c178",
        "/dev/dm-14"
      ],
      "serial_83": "36001405aa1a4a2010734758a9e57c178",
      "serial_80": "SLIO-ORG ost5            aa1a4a20-1073-4758-a9e5-7c178c6ed8ef",
      "size": 5368709120,
      "filesystem_type": null
    },
    "253:15": {
      "major_minor": "253:15",
      "parent": null,
      "partition_number": null,
      "path": "/dev/mapper/mpathp",
      "paths": [
        "/dev/mapper/mpathp",
        "/dev/disk/by-id/dm-name-mpathp",
        "/dev/disk/by-id/dm-uuid-mpath-360014058a65c188c7f84052b1b1185d2",
        "/dev/dm-15"
      ],
      "serial_83": "360014058a65c188c7f84052b1b1185d2",
      "serial_80": "SLIO-ORG ost6            8a65c188-c7f8-4052-b1b1-185d239005ea",
      "size": 5368709120,
      "filesystem_type": null
    },
    "253:16": {
      "major_minor": "253:16",
      "parent": null,
      "partition_number": null,
      "path": "/dev/mapper/mpathq",
      "paths": [
        "/dev/mapper/mpathq",
        "/dev/disk/by-id/dm-name-mpathq",
        "/dev/disk/by-id/dm-uuid-mpath-360014054e9b5031f3434c56a0746de1f",
        "/dev/dm-16"
      ],
      "serial_83": "360014054e9b5031f3434c56a0746de1f",
      "serial_80": "SLIO-ORG ost7            4e9b5031-f343-4c56-a074-6de1feb8f72c",
      "size": 5368709120,
      "filesystem_type": null
    },
    "253:17": {
      "major_minor": "253:17",
      "parent": null,
      "partition_number": null,
      "path": "/dev/mapper/mpathr",
      "paths": [
        "/dev/mapper/mpathr",
        "/dev/disk/by-id/dm-name-mpathr",
        "/dev/disk/by-id/dm-uuid-mpath-3600140547f1dbaca8e344809057273c5",
        "/dev/dm-17"
      ],
      "serial_83": "3600140547f1dbaca8e344809057273c5",
      "serial_80": "SLIO-ORG ost8            47f1dbac-a8e3-4480-9057-273c502f4dd6",
      "size": 5368709120,
      "filesystem_type": null
    },
    "253:18": {
      "major_minor": "253:18",
      "parent": null,
      "partition_number": null,
      "path": "/dev/mapper/mpaths",
      "paths": [
        "/dev/mapper/mpaths",
        "/dev/disk/by-id/dm-name-mpaths",
        "/dev/disk/by-id/dm-uuid-mpath-36001405ce127d66323a4c279ca70706a",
        "/dev/dm-18"
      ],
      "serial_83": "36001405ce127d66323a4c279ca70706a",
      "serial_80": "SLIO-ORG ost9            ce127d66-323a-4c27-9ca7-0706adf87bd6",
      "size": 5368709120,
      "filesystem_type": null
    },
    "253:19": {
      "major_minor": "253:19",
      "parent": null,
      "partition_number": null,
      "path": "/dev/mapper/mpatht",
      "paths": [
        "/dev/mapper/mpatht",
        "/dev/disk/by-id/dm-name-mpatht",
        "/dev/disk/by-id/dm-uuid-mpath-3600140564eea787d99444d79c15fc577",
        "/dev/dm-19"
      ],
      "serial_83": "3600140564eea787d99444d79c15fc577",
      "serial_80": "SLIO-ORG ost10           64eea787-d994-44d7-9c15-fc577fde7809",
      "size": 5368709120,
      "filesystem_type": null
    },
    "253:2": {
      "major_minor": "253:2",
      "parent": null,
      "partition_number": null,
      "path": "/dev/mapper/mpathc",
      "paths": [
        "/dev/mapper/mpathc",
        "/dev/disk/by-id/dm-name-mpathc",
        "/dev/disk/by-id/dm-uuid-mpath-3600140547e0ffe43b3f464789f1653cc",
        "/dev/dm-2"
      ],
      "serial_83": "3600140547e0ffe43b3f464789f1653cc",
      "serial_80": "SLIO-ORG ost11           47e0ffe4-3b3f-4647-89f1-653cc1b7c954",
      "size": 5368709120,
      "filesystem_type": null
    },
    "253:3": {
      "major_minor": "253:3",
      "parent": null,
      "partition_number": null,
      "path": "/dev/mapper/mpathd",
      "paths": [
        "/dev/mapper/mpathd",
        "/dev/disk/by-id/dm-name-mpathd",
        "/dev/disk/by-id/dm-uuid-mpath-360014053fe9e70a1aa8470faaa82b7b0",
        "/dev/dm-3"
      ],
      "serial_83": "360014053fe9e70a1aa8470faaa82b7b0",
      "serial_80": "SLIO-ORG ost12           3fe9e70a-1aa8-470f-aaa8-2b7b0e525b83",
      "size": 5368709120,
      "filesystem_type": null
    },
    "253:4": {
      "major_minor": "253:4",
      "parent": null,
      "partition_number": null,
      "path": "/dev/mapper/mpathe",
      "paths": [
        "/dev/mapper/mpathe",
        "/dev/disk/by-id/dm-name-mpathe",
        "/dev/disk/by-id/dm-uuid-mpath-36001405139a84485b2d4ea5b4f59874c",
        "/dev/dm-4"
      ],
      "serial_83": "36001405139a84485b2d4ea5b4f59874c",
      "serial_80": "SLIO-ORG ost13           139a8448-5b2d-4ea5-b4f5-9874cd16127b",
      "size": 5368709120,
      "filesystem_type": null
    },
    "253:5": {
      "major_minor": "253:5",
      "parent": null,
      "partition_number": null,
      "path": "/dev/mapper/mpathf",
      "paths": [
        "/dev/mapper/mpathf",
        "/dev/disk/by-id/dm-name-mpathf",
        "/dev/disk/by-id/dm-uuid-mpath-360014051755d7331b404ff68ae4b6e45",
        "/dev/dm-5"
      ],
      "serial_83": "360014051755d7331b404ff68ae4b6e45",
      "serial_80": "SLIO-ORG ost14           1755d733-1b40-4ff6-8ae4-b6e4568b03e3",
      "size": 5368709120,
      "filesystem_type": null
    },
    "253:6": {
      "major_minor": "253:6",
      "parent": null,
      "partition_number": null,
      "path": "/dev/mapper/mpathg",
      "paths": [
        "/dev/mapper/mpathg",
        "/dev/disk/by-id/dm-name-mpathg",
        "/dev/disk/by-id/dm-uuid-mpath-36001405c525c75b8ee1471dbbb344dd8",
        "/dev/disk/by-id/lvm-pv-uuid-Y0MPay-Yimt-cJJx-ZN92-KFLT-BPJf-SjPIbO",
        "/dev/dm-6"
      ],
      "serial_83": "36001405c525c75b8ee1471dbbb344dd8",
      "serial_80": "SLIO-ORG ost15           c525c75b-8ee1-471d-bbb3-44dd80198b3f",
      "size": 5368709120,
      "filesystem_type": "LVM2_member"
    },
    "253:7": {
      "major_minor": "253:7",
      "parent": null,
      "partition_number": null,
      "path": "/dev/mapper/mpathh",
      "paths": [
        "/dev/mapper/mpathh",
        "/dev/disk/by-id/dm-name-mpathh",
        "/dev/disk/by-id/dm-uuid-mpath-3600140598252aa12555428f94b6ea915",
        "/dev/disk/by-id/lvm-pv-uuid-sSb1jT-hBLl-am3F-mc9T-2cMR-oGbb-xG0FZw",
        "/dev/dm-7"
      ],
      "serial_83": "3600140598252aa12555428f94b6ea915",
      "serial_80": "SLIO-ORG ost16           98252aa1-2555-428f-94b6-ea915aadcd5a",
      "size": 5368709120,
      "filesystem_type": "LVM2_member"
    },
    "253:8": {
      "major_minor": "253:8",
      "parent": null,
      "partition_number": null,
      "path": "/dev/mapper/mpathi",
      "paths": [
        "/dev/mapper/mpathi",
        "/dev/disk/by-id/dm-name-mpathi",
        "/dev/disk/by-id/dm-uuid-mpath-360014053fff9fd2761f4efe9143a33ff",
        "/dev/dm-8"
      ],
      "serial_83": "360014053fff9fd2761f4efe9143a33ff",
      "serial_80": "SLIO-ORG ost17           3fff9fd2-761f-4efe-9143-a33ff9ff7a52",
      "size": 5368709120,
      "filesystem_type": null
    },
    "253:9": {
      "major_minor": "253:9",
      "parent": null,
      "partition_number": null,
      "path": "/dev/mapper/mpathj",
      "paths": [
        "/dev/mapper/mpathj",
        "/dev/disk/by-id/dm-name-mpathj",
        "/dev/disk/by-id/dm-uuid-mpath-360014051c12549d858d4562a2e178018",
        "/dev/dm-9"
      ],
      "serial_83": "360014051c12549d858d4562a2e178018",
      "serial_80": "SLIO-ORG ost18           1c12549d-858d-4562-a2e1-78018d748a6f",
      "size": 5368709120,
      "filesystem_type": null
    },
    "65:0": {
      "major_minor": "65:0",
      "parent": null,
      "partition_number": null,
      "path": "/dev/disk/by-id/scsi-3600140547f1dbaca8e344809057273c5",
      "paths": [
        "/dev/disk/by-id/scsi-3600140547f1dbaca8e344809057273c5",
        "/dev/disk/by-id/wwn-0x600140547f1dbaca8e344809057273c5",
        "/dev/disk/by-path/ip-10.73.50.10:3260-iscsi-iqn.2015-01.com.whamcloud.lu:oss-lun-7",
        "/dev/sdq"
      ],
      "serial_83": "3600140547f1dbaca8e344809057273c5",
      "serial_80": "SLIO-ORG ost8            47f1dbac-a8e3-4480-9057-273c502f4dd6",
      "size": 5368709120,
      "filesystem_type": "mpath_member"
    },
    "65:112": {
      "major_minor": "65:112",
      "parent": null,
      "partition_number": null,
      "path": "/dev/disk/by-id/scsi-360014053fe9e70a1aa8470faaa82b7b0",
      "paths": [
        "/dev/disk/by-id/scsi-360014053fe9e70a1aa8470faaa82b7b0",
        "/dev/disk/by-id/wwn-0x60014053fe9e70a1aa8470faaa82b7b0",
        "/dev/disk/by-path/ip-10.73.40.10:3260-iscsi-iqn.2015-01.com.whamcloud.lu:oss-lun-11",
        "/dev/sdx"
      ],
      "serial_83": "360014053fe9e70a1aa8470faaa82b7b0",
      "serial_80": "SLIO-ORG ost12           3fe9e70a-1aa8-470f-aaa8-2b7b0e525b83",
      "size": 5368709120,
      "filesystem_type": "mpath_member"
    },
    "65:128": {
      "major_minor": "65:128",
      "parent": null,
      "partition_number": null,
      "path": "/dev/disk/by-id/scsi-360014053fe9e70a1aa8470faaa82b7b0",
      "paths": [
        "/dev/disk/by-id/scsi-360014053fe9e70a1aa8470faaa82b7b0",
        "/dev/disk/by-id/wwn-0x60014053fe9e70a1aa8470faaa82b7b0",
        "/dev/disk/by-path/ip-10.73.50.10:3260-iscsi-iqn.2015-01.com.whamcloud.lu:oss-lun-11",
        "/dev/sdy"
      ],
      "serial_83": "360014053fe9e70a1aa8470faaa82b7b0",
      "serial_80": "SLIO-ORG ost12           3fe9e70a-1aa8-470f-aaa8-2b7b0e525b83",
      "size": 5368709120,
      "filesystem_type": "mpath_member"
    },
    "65:144": {
      "major_minor": "65:144",
      "parent": null,
      "partition_number": null,
      "path": "/dev/disk/by-id/scsi-36001405139a84485b2d4ea5b4f59874c",
      "paths": [
        "/dev/disk/by-id/scsi-36001405139a84485b2d4ea5b4f59874c",
        "/dev/disk/by-id/wwn-0x6001405139a84485b2d4ea5b4f59874c",
        "/dev/disk/by-path/ip-10.73.40.10:3260-iscsi-iqn.2015-01.com.whamcloud.lu:oss-lun-12",
        "/dev/sdz"
      ],
      "serial_83": "36001405139a84485b2d4ea5b4f59874c",
      "serial_80": "SLIO-ORG ost13           139a8448-5b2d-4ea5-b4f5-9874cd16127b",
      "size": 5368709120,
      "filesystem_type": "mpath_member"
    },
    "65:16": {
      "major_minor": "65:16",
      "parent": null,
      "partition_number": null,
      "path": "/dev/disk/by-id/scsi-36001405ce127d66323a4c279ca70706a",
      "paths": [
        "/dev/disk/by-id/scsi-36001405ce127d66323a4c279ca70706a",
        "/dev/disk/by-id/wwn-0x6001405ce127d66323a4c279ca70706a",
        "/dev/disk/by-path/ip-10.73.40.10:3260-iscsi-iqn.2015-01.com.whamcloud.lu:oss-lun-8",
        "/dev/sdr"
      ],
      "serial_83": "36001405ce127d66323a4c279ca70706a",
      "serial_80": "SLIO-ORG ost9            ce127d66-323a-4c27-9ca7-0706adf87bd6",
      "size": 5368709120,
      "filesystem_type": "mpath_member"
    },
    "65:160": {
      "major_minor": "65:160",
      "parent": null,
      "partition_number": null,
      "path": "/dev/disk/by-id/scsi-36001405139a84485b2d4ea5b4f59874c",
      "paths": [
        "/dev/disk/by-id/scsi-36001405139a84485b2d4ea5b4f59874c",
        "/dev/disk/by-id/wwn-0x6001405139a84485b2d4ea5b4f59874c",
        "/dev/disk/by-path/ip-10.73.50.10:3260-iscsi-iqn.2015-01.com.whamcloud.lu:oss-lun-12",
        "/dev/sdaa"
      ],
      "serial_83": "36001405139a84485b2d4ea5b4f59874c",
      "serial_80": "SLIO-ORG ost13           139a8448-5b2d-4ea5-b4f5-9874cd16127b",
      "size": 5368709120,
      "filesystem_type": "mpath_member"
    },
    "65:176": {
      "major_minor": "65:176",
      "parent": null,
      "partition_number": null,
      "path": "/dev/disk/by-id/scsi-360014051755d7331b404ff68ae4b6e45",
      "paths": [
        "/dev/disk/by-id/scsi-360014051755d7331b404ff68ae4b6e45",
        "/dev/disk/by-id/wwn-0x60014051755d7331b404ff68ae4b6e45",
        "/dev/disk/by-path/ip-10.73.40.10:3260-iscsi-iqn.2015-01.com.whamcloud.lu:oss-lun-13",
        "/dev/sdab"
      ],
      "serial_83": "360014051755d7331b404ff68ae4b6e45",
      "serial_80": "SLIO-ORG ost14           1755d733-1b40-4ff6-8ae4-b6e4568b03e3",
      "size": 5368709120,
      "filesystem_type": "mpath_member"
    },
    "65:192": {
      "major_minor": "65:192",
      "parent": null,
      "partition_number": null,
      "path": "/dev/disk/by-id/scsi-360014051755d7331b404ff68ae4b6e45",
      "paths": [
        "/dev/disk/by-id/scsi-360014051755d7331b404ff68ae4b6e45",
        "/dev/disk/by-id/wwn-0x60014051755d7331b404ff68ae4b6e45",
        "/dev/disk/by-path/ip-10.73.50.10:3260-iscsi-iqn.2015-01.com.whamcloud.lu:oss-lun-13",
        "/dev/sdac"
      ],
      "serial_83": "360014051755d7331b404ff68ae4b6e45",
      "serial_80": "SLIO-ORG ost14           1755d733-1b40-4ff6-8ae4-b6e4568b03e3",
      "size": 5368709120,
      "filesystem_type": "mpath_member"
    },
    "65:208": {
      "major_minor": "65:208",
      "parent": null,
      "partition_number": null,
      "path": "/dev/disk/by-id/scsi-36001405c525c75b8ee1471dbbb344dd8",
      "paths": [
        "/dev/disk/by-id/scsi-36001405c525c75b8ee1471dbbb344dd8",
        "/dev/disk/by-id/wwn-0x6001405c525c75b8ee1471dbbb344dd8",
        "/dev/disk/by-path/ip-10.73.40.10:3260-iscsi-iqn.2015-01.com.whamcloud.lu:oss-lun-14",
        "/dev/sdad"
      ],
      "serial_83": "36001405c525c75b8ee1471dbbb344dd8",
      "serial_80": "SLIO-ORG ost15           c525c75b-8ee1-471d-bbb3-44dd80198b3f",
      "size": 5368709120,
      "filesystem_type": "mpath_member"
    },
    "65:224": {
      "major_minor": "65:224",
      "parent": null,
      "partition_number": null,
      "path": "/dev/disk/by-id/scsi-36001405c525c75b8ee1471dbbb344dd8",
      "paths": [
        "/dev/disk/by-id/scsi-36001405c525c75b8ee1471dbbb344dd8",
        "/dev/disk/by-id/wwn-0x6001405c525c75b8ee1471dbbb344dd8",
        "/dev/disk/by-path/ip-10.73.50.10:3260-iscsi-iqn.2015-01.com.whamcloud.lu:oss-lun-14",
        "/dev/sdae"
      ],
      "serial_83": "36001405c525c75b8ee1471dbbb344dd8",
      "serial_80": "SLIO-ORG ost15           c525c75b-8ee1-471d-bbb3-44dd80198b3f",
      "size": 5368709120,
      "filesystem_type": "mpath_member"
    },
    "65:240": {
      "major_minor": "65:240",
      "parent": null,
      "partition_number": null,
      "path": "/dev/disk/by-id/scsi-3600140598252aa12555428f94b6ea915",
      "paths": [
        "/dev/disk/by-id/scsi-3600140598252aa12555428f94b6ea915",
        "/dev/disk/by-id/wwn-0x600140598252aa12555428f94b6ea915",
        "/dev/disk/by-path/ip-10.73.40.10:3260-iscsi-iqn.2015-01.com.whamcloud.lu:oss-lun-15",
        "/dev/sdaf"
      ],
      "serial_83": "3600140598252aa12555428f94b6ea915",
      "serial_80": "SLIO-ORG ost16           98252aa1-2555-428f-94b6-ea915aadcd5a",
      "size": 5368709120,
      "filesystem_type": "mpath_member"
    },
    "65:32": {
      "major_minor": "65:32",
      "parent": null,
      "partition_number": null,
      "path": "/dev/disk/by-id/scsi-36001405ce127d66323a4c279ca70706a",
      "paths": [
        "/dev/disk/by-id/scsi-36001405ce127d66323a4c279ca70706a",
        "/dev/disk/by-id/wwn-0x6001405ce127d66323a4c279ca70706a",
        "/dev/disk/by-path/ip-10.73.50.10:3260-iscsi-iqn.2015-01.com.whamcloud.lu:oss-lun-8",
        "/dev/sds"
      ],
      "serial_83": "36001405ce127d66323a4c279ca70706a",
      "serial_80": "SLIO-ORG ost9            ce127d66-323a-4c27-9ca7-0706adf87bd6",
      "size": 5368709120,
      "filesystem_type": "mpath_member"
    },
    "65:48": {
      "major_minor": "65:48",
      "parent": null,
      "partition_number": null,
      "path": "/dev/disk/by-id/scsi-3600140564eea787d99444d79c15fc577",
      "paths": [
        "/dev/disk/by-id/scsi-3600140564eea787d99444d79c15fc577",
        "/dev/disk/by-id/wwn-0x600140564eea787d99444d79c15fc577",
        "/dev/disk/by-path/ip-10.73.40.10:3260-iscsi-iqn.2015-01.com.whamcloud.lu:oss-lun-9",
        "/dev/sdt"
      ],
      "serial_83": "3600140564eea787d99444d79c15fc577",
      "serial_80": "SLIO-ORG ost10           64eea787-d994-44d7-9c15-fc577fde7809",
      "size": 5368709120,
      "filesystem_type": "mpath_member"
    },
    "65:64": {
      "major_minor": "65:64",
      "parent": null,
      "partition_number": null,
      "path": "/dev/disk/by-id/scsi-3600140564eea787d99444d79c15fc577",
      "paths": [
        "/dev/disk/by-id/scsi-3600140564eea787d99444d79c15fc577",
        "/dev/disk/by-id/wwn-0x600140564eea787d99444d79c15fc577",
        "/dev/disk/by-path/ip-10.73.50.10:3260-iscsi-iqn.2015-01.com.whamcloud.lu:oss-lun-9",
        "/dev/sdu"
      ],
      "serial_83": "3600140564eea787d99444d79c15fc577",
      "serial_80": "SLIO-ORG ost10           64eea787-d994-44d7-9c15-fc577fde7809",
      "size": 5368709120,
      "filesystem_type": "mpath_member"
    },
    "65:80": {
      "major_minor": "65:80",
      "parent": null,
      "partition_number": null,
      "path": "/dev/disk/by-id/scsi-3600140547e0ffe43b3f464789f1653cc",
      "paths": [
        "/dev/disk/by-id/scsi-3600140547e0ffe43b3f464789f1653cc",
        "/dev/disk/by-id/wwn-0x600140547e0ffe43b3f464789f1653cc",
        "/dev/disk/by-path/ip-10.73.50.10:3260-iscsi-iqn.2015-01.com.whamcloud.lu:oss-lun-10",
        "/dev/sdv"
      ],
      "serial_83": "3600140547e0ffe43b3f464789f1653cc",
      "serial_80": "SLIO-ORG ost11           47e0ffe4-3b3f-4647-89f1-653cc1b7c954",
      "size": 5368709120,
      "filesystem_type": "mpath_member"
    },
    "65:96": {
      "major_minor": "65:96",
      "parent": null,
      "partition_number": null,
      "path": "/dev/disk/by-id/scsi-3600140547e0ffe43b3f464789f1653cc",
      "paths": [
        "/dev/disk/by-id/scsi-3600140547e0ffe43b3f464789f1653cc",
        "/dev/disk/by-id/wwn-0x600140547e0ffe43b3f464789f1653cc",
        "/dev/disk/by-path/ip-10.73.40.10:3260-iscsi-iqn.2015-01.com.whamcloud.lu:oss-lun-10",
        "/dev/sdw"
      ],
      "serial_83": "3600140547e0ffe43b3f464789f1653cc",
      "serial_80": "SLIO-ORG ost11           47e0ffe4-3b3f-4647-89f1-653cc1b7c954",
      "size": 5368709120,
      "filesystem_type": "mpath_member"
    },
    "66:0": {
      "major_minor": "66:0",
      "parent": null,
      "partition_number": null,
      "path": "/dev/disk/by-id/scsi-3600140598252aa12555428f94b6ea915",
      "paths": [
        "/dev/disk/by-id/scsi-3600140598252aa12555428f94b6ea915",
        "/dev/disk/by-id/wwn-0x600140598252aa12555428f94b6ea915",
        "/dev/disk/by-path/ip-10.73.50.10:3260-iscsi-iqn.2015-01.com.whamcloud.lu:oss-lun-15",
        "/dev/sdag"
      ],
      "serial_83": "3600140598252aa12555428f94b6ea915",
      "serial_80": "SLIO-ORG ost16           98252aa1-2555-428f-94b6-ea915aadcd5a",
      "size": 5368709120,
      "filesystem_type": "mpath_member"
    },
    "66:112": {
      "major_minor": "66:112",
      "parent": null,
      "partition_number": null,
      "path": "/dev/disk/by-id/scsi-36001405b1662648389c47ae91f7f9c18",
      "paths": [
        "/dev/disk/by-id/scsi-36001405b1662648389c47ae91f7f9c18",
        "/dev/disk/by-id/wwn-0x6001405b1662648389c47ae91f7f9c18",
        "/dev/disk/by-path/ip-10.73.40.10:3260-iscsi-iqn.2015-01.com.whamcloud.lu:oss-lun-19",
        "/dev/sdan"
      ],
      "serial_83": "36001405b1662648389c47ae91f7f9c18",
      "serial_80": "SLIO-ORG ost20           b1662648-389c-47ae-91f7-f9c18ead9f54",
      "size": 5368709120,
      "filesystem_type": "mpath_member"
    },
    "66:128": {
      "major_minor": "66:128",
      "parent": null,
      "partition_number": null,
      "path": "/dev/disk/by-id/scsi-36001405b1662648389c47ae91f7f9c18",
      "paths": [
        "/dev/disk/by-id/scsi-36001405b1662648389c47ae91f7f9c18",
        "/dev/disk/by-id/wwn-0x6001405b1662648389c47ae91f7f9c18",
        "/dev/disk/by-path/ip-10.73.50.10:3260-iscsi-iqn.2015-01.com.whamcloud.lu:oss-lun-19",
        "/dev/sdao"
      ],
      "serial_83": "36001405b1662648389c47ae91f7f9c18",
      "serial_80": "SLIO-ORG ost20           b1662648-389c-47ae-91f7-f9c18ead9f54",
      "size": 5368709120,
      "filesystem_type": "mpath_member"
    },
    "66:16": {
      "major_minor": "66:16",
      "parent": null,
      "partition_number": null,
      "path": "/dev/disk/by-id/scsi-360014053fff9fd2761f4efe9143a33ff",
      "paths": [
        "/dev/disk/by-id/scsi-360014053fff9fd2761f4efe9143a33ff",
        "/dev/disk/by-id/wwn-0x60014053fff9fd2761f4efe9143a33ff",
        "/dev/disk/by-path/ip-10.73.50.10:3260-iscsi-iqn.2015-01.com.whamcloud.lu:oss-lun-16",
        "/dev/sdah"
      ],
      "serial_83": "360014053fff9fd2761f4efe9143a33ff",
      "serial_80": "SLIO-ORG ost17           3fff9fd2-761f-4efe-9143-a33ff9ff7a52",
      "size": 5368709120,
      "filesystem_type": "mpath_member"
    },
    "66:32": {
      "major_minor": "66:32",
      "parent": null,
      "partition_number": null,
      "path": "/dev/disk/by-id/scsi-360014053fff9fd2761f4efe9143a33ff",
      "paths": [
        "/dev/disk/by-id/scsi-360014053fff9fd2761f4efe9143a33ff",
        "/dev/disk/by-id/wwn-0x60014053fff9fd2761f4efe9143a33ff",
        "/dev/disk/by-path/ip-10.73.40.10:3260-iscsi-iqn.2015-01.com.whamcloud.lu:oss-lun-16",
        "/dev/sdai"
      ],
      "serial_83": "360014053fff9fd2761f4efe9143a33ff",
      "serial_80": "SLIO-ORG ost17           3fff9fd2-761f-4efe-9143-a33ff9ff7a52",
      "size": 5368709120,
      "filesystem_type": "mpath_member"
    },
    "66:48": {
      "major_minor": "66:48",
      "parent": null,
      "partition_number": null,
      "path": "/dev/disk/by-id/scsi-360014051c12549d858d4562a2e178018",
      "paths": [
        "/dev/disk/by-id/scsi-360014051c12549d858d4562a2e178018",
        "/dev/disk/by-id/wwn-0x60014051c12549d858d4562a2e178018",
        "/dev/disk/by-path/ip-10.73.40.10:3260-iscsi-iqn.2015-01.com.whamcloud.lu:oss-lun-17",
        "/dev/sdaj"
      ],
      "serial_83": "360014051c12549d858d4562a2e178018",
      "serial_80": "SLIO-ORG ost18           1c12549d-858d-4562-a2e1-78018d748a6f",
      "size": 5368709120,
      "filesystem_type": "mpath_member"
    },
    "66:64": {
      "major_minor": "66:64",
      "parent": null,
      "partition_number": null,
      "path": "/dev/disk/by-id/scsi-360014051c12549d858d4562a2e178018",
      "paths": [
        "/dev/disk/by-id/scsi-360014051c12549d858d4562a2e178018",
        "/dev/disk/by-id/wwn-0x60014051c12549d858d4562a2e178018",
        "/dev/disk/by-path/ip-10.73.50.10:3260-iscsi-iqn.2015-01.com.whamcloud.lu:oss-lun-17",
        "/dev/sdak"
      ],
      "serial_83": "360014051c12549d858d4562a2e178018",
      "serial_80": "SLIO-ORG ost18           1c12549d-858d-4562-a2e1-78018d748a6f",
      "size": 5368709120,
      "filesystem_type": "mpath_member"
    },
    "66:80": {
      "major_minor": "66:80",
      "parent": null,
      "partition_number": null,
      "path": "/dev/disk/by-id/scsi-36001405047a9e1ee2c04af6b26216f3a",
      "paths": [
        "/dev/disk/by-id/scsi-36001405047a9e1ee2c04af6b26216f3a",
        "/dev/disk/by-id/wwn-0x6001405047a9e1ee2c04af6b26216f3a",
        "/dev/disk/by-path/ip-10.73.40.10:3260-iscsi-iqn.2015-01.com.whamcloud.lu:oss-lun-18",
        "/dev/sdal"
      ],
      "serial_83": "36001405047a9e1ee2c04af6b26216f3a",
      "serial_80": "SLIO-ORG ost19           047a9e1e-e2c0-4af6-b262-16f3ac3ca915",
      "size": 5368709120,
      "filesystem_type": "mpath_member"
    },
    "66:96": {
      "major_minor": "66:96",
      "parent": null,
      "partition_number": null,
      "path": "/dev/disk/by-id/scsi-36001405047a9e1ee2c04af6b26216f3a",
      "paths": [
        "/dev/disk/by-id/scsi-36001405047a9e1ee2c04af6b26216f3a",
        "/dev/disk/by-id/wwn-0x6001405047a9e1ee2c04af6b26216f3a",
        "/dev/disk/by-path/ip-10.73.50.10:3260-iscsi-iqn.2015-01.com.whamcloud.lu:oss-lun-18",
        "/dev/sdam"
      ],
      "serial_83": "36001405047a9e1ee2c04af6b26216f3a",
      "serial_80": "SLIO-ORG ost19           047a9e1e-e2c0-4af6-b262-16f3ac3ca915",
      "size": 5368709120,
      "filesystem_type": "mpath_member"
    },
    "8:0": {
      "major_minor": "8:0",
      "parent": null,
      "partition_number": null,
      "path": "/dev/disk/by-id/ata-VBOX_HARDDISK_VB289a63d7-b2394fde",
      "paths": [
        "/dev/disk/by-id/ata-VBOX_HARDDISK_VB289a63d7-b2394fde",
        "/dev/disk/by-path/pci-0000:00:01.1-ata-1.0",
        "/dev/sda"
      ],
      "serial_83": "1ATA     VBOX HARDDISK                           VB289a63d7-b2394fde",
      "serial_80": "SATA     VBOX HARDDISK   VB289a63d7-b2394fde",
      "size": 42949672960,
      "filesystem_type": null
    },
    "8:1": {
      "major_minor": "8:1",
      "parent": "8:0",
      "partition_number": 1,
      "path": "/dev/disk/by-id/ata-VBOX_HARDDISK_VB289a63d7-b2394fde-part1",
      "paths": [
        "/dev/disk/by-id/ata-VBOX_HARDDISK_VB289a63d7-b2394fde-part1",
        "/dev/disk/by-path/pci-0000:00:01.1-ata-1.0-part1",
        "/dev/disk/by-uuid/f52f361a-da1a-4ea0-8c7f-ca2706e86b46",
        "/dev/sda1"
      ],
      "serial_83": null,
      "serial_80": null,
      "size": 42948624384,
      "filesystem_type": "xfs"
    },
    "8:112": {
      "major_minor": "8:112",
      "parent": null,
      "partition_number": null,
      "path": "/dev/disk/by-id/scsi-36001405c9535ca96e924f9fa2e32ed89",
      "paths": [
        "/dev/disk/by-id/scsi-36001405c9535ca96e924f9fa2e32ed89",
        "/dev/disk/by-id/wwn-0x6001405c9535ca96e924f9fa2e32ed89",
        "/dev/disk/by-path/ip-10.73.40.10:3260-iscsi-iqn.2015-01.com.whamcloud.lu:oss-lun-3",
        "/dev/sdh"
      ],
      "serial_83": "36001405c9535ca96e924f9fa2e32ed89",
      "serial_80": "SLIO-ORG ost4            c9535ca9-6e92-4f9f-a2e3-2ed89e8cf8be",
      "size": 5368709120,
      "filesystem_type": "mpath_member"
    },
    "8:128": {
      "major_minor": "8:128",
      "parent": null,
      "partition_number": null,
      "path": "/dev/disk/by-id/scsi-36001405c9535ca96e924f9fa2e32ed89",
      "paths": [
        "/dev/disk/by-id/scsi-36001405c9535ca96e924f9fa2e32ed89",
        "/dev/disk/by-id/wwn-0x6001405c9535ca96e924f9fa2e32ed89",
        "/dev/disk/by-path/ip-10.73.50.10:3260-iscsi-iqn.2015-01.com.whamcloud.lu:oss-lun-3",
        "/dev/sdi"
      ],
      "serial_83": "36001405c9535ca96e924f9fa2e32ed89",
      "serial_80": "SLIO-ORG ost4            c9535ca9-6e92-4f9f-a2e3-2ed89e8cf8be",
      "size": 5368709120,
      "filesystem_type": "mpath_member"
    },
    "8:144": {
      "major_minor": "8:144",
      "parent": null,
      "partition_number": null,
      "path": "/dev/disk/by-id/scsi-36001405aa1a4a2010734758a9e57c178",
      "paths": [
        "/dev/disk/by-id/scsi-36001405aa1a4a2010734758a9e57c178",
        "/dev/disk/by-id/wwn-0x6001405aa1a4a2010734758a9e57c178",
        "/dev/disk/by-path/ip-10.73.40.10:3260-iscsi-iqn.2015-01.com.whamcloud.lu:oss-lun-4",
        "/dev/sdj"
      ],
      "serial_83": "36001405aa1a4a2010734758a9e57c178",
      "serial_80": "SLIO-ORG ost5            aa1a4a20-1073-4758-a9e5-7c178c6ed8ef",
      "size": 5368709120,
      "filesystem_type": "mpath_member"
    },
    "8:16": {
      "major_minor": "8:16",
      "parent": null,
      "partition_number": null,
      "path": "/dev/disk/by-id/scsi-3600140568c946040400460a896d0b196",
      "paths": [
        "/dev/disk/by-id/scsi-3600140568c946040400460a896d0b196",
        "/dev/disk/by-id/wwn-0x600140568c946040400460a896d0b196",
        "/dev/disk/by-path/ip-10.73.50.10:3260-iscsi-iqn.2015-01.com.whamcloud.lu:oss-lun-0",
        "/dev/sdb"
      ],
      "serial_83": "3600140568c946040400460a896d0b196",
      "serial_80": "SLIO-ORG ost1            68c94604-0400-460a-896d-0b196cd0a235",
      "size": 5368709120,
      "filesystem_type": "mpath_member"
    },
    "8:160": {
      "major_minor": "8:160",
      "parent": null,
      "partition_number": null,
      "path": "/dev/disk/by-id/scsi-36001405aa1a4a2010734758a9e57c178",
      "paths": [
        "/dev/disk/by-id/scsi-36001405aa1a4a2010734758a9e57c178",
        "/dev/disk/by-id/wwn-0x6001405aa1a4a2010734758a9e57c178",
        "/dev/disk/by-path/ip-10.73.50.10:3260-iscsi-iqn.2015-01.com.whamcloud.lu:oss-lun-4",
        "/dev/sdk"
      ],
      "serial_83": "36001405aa1a4a2010734758a9e57c178",
      "serial_80": "SLIO-ORG ost5            aa1a4a20-1073-4758-a9e5-7c178c6ed8ef",
      "size": 5368709120,
      "filesystem_type": "mpath_member"
    },
    "8:176": {
      "major_minor": "8:176",
      "parent": null,
      "partition_number": null,
      "path": "/dev/disk/by-id/scsi-360014058a65c188c7f84052b1b1185d2",
      "paths": [
        "/dev/disk/by-id/scsi-360014058a65c188c7f84052b1b1185d2",
        "/dev/disk/by-id/wwn-0x60014058a65c188c7f84052b1b1185d2",
        "/dev/disk/by-path/ip-10.73.40.10:3260-iscsi-iqn.2015-01.com.whamcloud.lu:oss-lun-5",
        "/dev/sdl"
      ],
      "serial_83": "360014058a65c188c7f84052b1b1185d2",
      "serial_80": "SLIO-ORG ost6            8a65c188-c7f8-4052-b1b1-185d239005ea",
      "size": 5368709120,
      "filesystem_type": "mpath_member"
    },
    "8:192": {
      "major_minor": "8:192",
      "parent": null,
      "partition_number": null,
      "path": "/dev/disk/by-id/scsi-360014058a65c188c7f84052b1b1185d2",
      "paths": [
        "/dev/disk/by-id/scsi-360014058a65c188c7f84052b1b1185d2",
        "/dev/disk/by-id/wwn-0x60014058a65c188c7f84052b1b1185d2",
        "/dev/disk/by-path/ip-10.73.50.10:3260-iscsi-iqn.2015-01.com.whamcloud.lu:oss-lun-5",
        "/dev/sdm"
      ],
      "serial_83": "360014058a65c188c7f84052b1b1185d2",
      "serial_80": "SLIO-ORG ost6            8a65c188-c7f8-4052-b1b1-185d239005ea",
      "size": 5368709120,
      "filesystem_type": "mpath_member"
    },
    "8:208": {
      "major_minor": "8:208",
      "parent": null,
      "partition_number": null,
      "path": "/dev/disk/by-id/scsi-360014054e9b5031f3434c56a0746de1f",
      "paths": [
        "/dev/disk/by-id/scsi-360014054e9b5031f3434c56a0746de1f",
        "/dev/disk/by-id/wwn-0x60014054e9b5031f3434c56a0746de1f",
        "/dev/disk/by-path/ip-10.73.40.10:3260-iscsi-iqn.2015-01.com.whamcloud.lu:oss-lun-6",
        "/dev/sdn"
      ],
      "serial_83": "360014054e9b5031f3434c56a0746de1f",
      "serial_80": "SLIO-ORG ost7            4e9b5031-f343-4c56-a074-6de1feb8f72c",
      "size": 5368709120,
      "filesystem_type": "mpath_member"
    },
    "8:224": {
      "major_minor": "8:224",
      "parent": null,
      "partition_number": null,
      "path": "/dev/disk/by-id/scsi-360014054e9b5031f3434c56a0746de1f",
      "paths": [
        "/dev/disk/by-id/scsi-360014054e9b5031f3434c56a0746de1f",
        "/dev/disk/by-id/wwn-0x60014054e9b5031f3434c56a0746de1f",
        "/dev/disk/by-path/ip-10.73.50.10:3260-iscsi-iqn.2015-01.com.whamcloud.lu:oss-lun-6",
        "/dev/sdo"
      ],
      "serial_83": "360014054e9b5031f3434c56a0746de1f",
      "serial_80": "SLIO-ORG ost7            4e9b5031-f343-4c56-a074-6de1feb8f72c",
      "size": 5368709120,
      "filesystem_type": "mpath_member"
    },
    "8:240": {
      "major_minor": "8:240",
      "parent": null,
      "partition_number": null,
      "path": "/dev/disk/by-id/scsi-3600140547f1dbaca8e344809057273c5",
      "paths": [
        "/dev/disk/by-id/scsi-3600140547f1dbaca8e344809057273c5",
        "/dev/disk/by-id/wwn-0x600140547f1dbaca8e344809057273c5",
        "/dev/disk/by-path/ip-10.73.40.10:3260-iscsi-iqn.2015-01.com.whamcloud.lu:oss-lun-7",
        "/dev/sdp"
      ],
      "serial_83": "3600140547f1dbaca8e344809057273c5",
      "serial_80": "SLIO-ORG ost8            47f1dbac-a8e3-4480-9057-273c502f4dd6",
      "size": 5368709120,
      "filesystem_type": "mpath_member"
    },
    "8:32": {
      "major_minor": "8:32",
      "parent": null,
      "partition_number": null,
      "path": "/dev/disk/by-id/scsi-3600140568c946040400460a896d0b196",
      "paths": [
        "/dev/disk/by-id/scsi-3600140568c946040400460a896d0b196",
        "/dev/disk/by-id/wwn-0x600140568c946040400460a896d0b196",
        "/dev/disk/by-path/ip-10.73.40.10:3260-iscsi-iqn.2015-01.com.whamcloud.lu:oss-lun-0",
        "/dev/sdc"
      ],
      "serial_83": "3600140568c946040400460a896d0b196",
      "serial_80": "SLIO-ORG ost1            68c94604-0400-460a-896d-0b196cd0a235",
      "size": 5368709120,
      "filesystem_type": "mpath_member"
    },
    "8:48": {
      "major_minor": "8:48",
      "parent": null,
      "partition_number": null,
      "path": "/dev/disk/by-id/scsi-36001405a63b61f10cbb4e229df0792d0",
      "paths": [
        "/dev/disk/by-id/scsi-36001405a63b61f10cbb4e229df0792d0",
        "/dev/disk/by-id/wwn-0x6001405a63b61f10cbb4e229df0792d0",
        "/dev/disk/by-path/ip-10.73.50.10:3260-iscsi-iqn.2015-01.com.whamcloud.lu:oss-lun-1",
        "/dev/sdd"
      ],
      "serial_83": "36001405a63b61f10cbb4e229df0792d0",
      "serial_80": "SLIO-ORG ost2            a63b61f1-0cbb-4e22-9df0-792d0cf69575",
      "size": 5368709120,
      "filesystem_type": "mpath_member"
    },
    "8:64": {
      "major_minor": "8:64",
      "parent": null,
      "partition_number": null,
      "path": "/dev/disk/by-id/scsi-36001405a63b61f10cbb4e229df0792d0",
      "paths": [
        "/dev/disk/by-id/scsi-36001405a63b61f10cbb4e229df0792d0",
        "/dev/disk/by-id/wwn-0x6001405a63b61f10cbb4e229df0792d0",
        "/dev/disk/by-path/ip-10.73.40.10:3260-iscsi-iqn.2015-01.com.whamcloud.lu:oss-lun-1",
        "/dev/sde"
      ],
      "serial_83": "36001405a63b61f10cbb4e229df0792d0",
      "serial_80": "SLIO-ORG ost2            a63b61f1-0cbb-4e22-9df0-792d0cf69575",
      "size": 5368709120,
      "filesystem_type": "mpath_member"
    },
    "8:80": {
      "major_minor": "8:80",
      "parent": null,
      "partition_number": null,
      "path": "/dev/disk/by-id/scsi-360014051ea57ad4ffc243d6bcab8eb8c",
      "paths": [
        "/dev/disk/by-id/scsi-360014051ea57ad4ffc243d6bcab8eb8c",
        "/dev/disk/by-id/wwn-0x60014051ea57ad4ffc243d6bcab8eb8c",
        "/dev/disk/by-path/ip-10.73.40.10:3260-iscsi-iqn.2015-01.com.whamcloud.lu:oss-lun-2",
        "/dev/sdf"
      ],
      "serial_83": "360014051ea57ad4ffc243d6bcab8eb8c",
      "serial_80": "SLIO-ORG ost3            1ea57ad4-ffc2-43d6-bcab-8eb8c2a60bfb",
      "size": 5368709120,
      "filesystem_type": "mpath_member"
    },
    "8:96": {
      "major_minor": "8:96",
      "parent": null,
      "partition_number": null,
      "path": "/dev/disk/by-id/scsi-360014051ea57ad4ffc243d6bcab8eb8c",
      "paths": [
        "/dev/disk/by-id/scsi-360014051ea57ad4ffc243d6bcab8eb8c",
        "/dev/disk/by-id/wwn-0x60014051ea57ad4ffc243d6bcab8eb8c",
        "/dev/disk/by-path/ip-10.73.50.10:3260-iscsi-iqn.2015-01.com.whamcloud.lu:oss-lun-2",
        "/dev/sdg"
      ],
      "serial_83": "360014051ea57ad4ffc243d6bcab8eb8c",
      "serial_80": "SLIO-ORG ost3            1ea57ad4-ffc2-43d6-bcab-8eb8c2a60bfb",
      "size": 5368709120,
      "filesystem_type": "mpath_member"
    },
    "lv:9rYEeS4U3eCNTgx1UovfQIXv16TTjel4": {
      "major_minor": "lv:9rYEeS4U3eCNTgx1UovfQIXv16TTjel4",
      "parent": null,
      "partition_number": null,
      "path": "/dev/mapper/vg1-lv1",
      "paths": [
        "/dev/mapper/vg1-lv1",
        "/dev/disk/by-id/dm-name-vg1-lv1",
        "/dev/disk/by-id/dm-uuid-LVM-UDIbPXrzaeBLNKim8kDOqcWfXbG2eRKt9rYEeS4U3eCNTgx1UovfQIXv16TTjel4",
        "/dev/dm-20",
        "/dev/vg1/lv1"
      ],
      "serial_83": null,
      "serial_80": null,
      "size": 67108864,
      "filesystem_type": null
    }
  },
  "local_fs": {
    "8:1": [
      "/",
      "xfs"
    ]
  },
  "mpath": {
    "mpatha": {
      "name": "mpatha",
      "block_device": "253:0",
      "nodes": [
        {
          "major_minor": "8:16",
          "parent": null,
          "partition_number": null,
          "path": "/dev/disk/by-id/scsi-3600140568c946040400460a896d0b196",
          "paths": [
            "/dev/disk/by-id/scsi-3600140568c946040400460a896d0b196",
            "/dev/disk/by-id/wwn-0x600140568c946040400460a896d0b196",
            "/dev/disk/by-path/ip-10.73.50.10:3260-iscsi-iqn.2015-01.com.whamcloud.lu:oss-lun-0",
            "/dev/sdb"
          ],
          "serial_83": "3600140568c946040400460a896d0b196",
          "serial_80": "SLIO-ORG ost1            68c94604-0400-460a-896d-0b196cd0a235",
          "size": 5368709120,
          "filesystem_type": "mpath_member"
        },
        {
          "major_minor": "8:32",
          "parent": null,
          "partition_number": null,
          "path": "/dev/disk/by-id/scsi-3600140568c946040400460a896d0b196",
          "paths": [
            "/dev/disk/by-id/scsi-3600140568c946040400460a896d0b196",
            "/dev/disk/by-id/wwn-0x600140568c946040400460a896d0b196",
            "/dev/disk/by-path/ip-10.73.40.10:3260-iscsi-iqn.2015-01.com.whamcloud.lu:oss-lun-0",
            "/dev/sdc"
          ],
          "serial_83": "3600140568c946040400460a896d0b196",
          "serial_80": "SLIO-ORG ost1            68c94604-0400-460a-896d-0b196cd0a235",
          "size": 5368709120,
          "filesystem_type": "mpath_member"
        }
      ]
    },
    "mpathb": {
      "name": "mpathb",
      "block_device": "253:1",
      "nodes": [
        {
          "major_minor": "8:48",
          "parent": null,
          "partition_number": null,
          "path": "/dev/disk/by-id/scsi-36001405a63b61f10cbb4e229df0792d0",
          "paths": [
            "/dev/disk/by-id/scsi-36001405a63b61f10cbb4e229df0792d0",
            "/dev/disk/by-id/wwn-0x6001405a63b61f10cbb4e229df0792d0",
            "/dev/disk/by-path/ip-10.73.50.10:3260-iscsi-iqn.2015-01.com.whamcloud.lu:oss-lun-1",
            "/dev/sdd"
          ],
          "serial_83": "36001405a63b61f10cbb4e229df0792d0",
          "serial_80": "SLIO-ORG ost2            a63b61f1-0cbb-4e22-9df0-792d0cf69575",
          "size": 5368709120,
          "filesystem_type": "mpath_member"
        },
        {
          "major_minor": "8:64",
          "parent": null,
          "partition_number": null,
          "path": "/dev/disk/by-id/scsi-36001405a63b61f10cbb4e229df0792d0",
          "paths": [
            "/dev/disk/by-id/scsi-36001405a63b61f10cbb4e229df0792d0",
            "/dev/disk/by-id/wwn-0x6001405a63b61f10cbb4e229df0792d0",
            "/dev/disk/by-path/ip-10.73.40.10:3260-iscsi-iqn.2015-01.com.whamcloud.lu:oss-lun-1",
            "/dev/sde"
          ],
          "serial_83": "36001405a63b61f10cbb4e229df0792d0",
          "serial_80": "SLIO-ORG ost2            a63b61f1-0cbb-4e22-9df0-792d0cf69575",
          "size": 5368709120,
          "filesystem_type": "mpath_member"
        }
      ]
    },
    "mpathc": {
      "name": "mpathc",
      "block_device": "253:2",
      "nodes": [
        {
          "major_minor": "65:80",
          "parent": null,
          "partition_number": null,
          "path": "/dev/disk/by-id/scsi-3600140547e0ffe43b3f464789f1653cc",
          "paths": [
            "/dev/disk/by-id/scsi-3600140547e0ffe43b3f464789f1653cc",
            "/dev/disk/by-id/wwn-0x600140547e0ffe43b3f464789f1653cc",
            "/dev/disk/by-path/ip-10.73.50.10:3260-iscsi-iqn.2015-01.com.whamcloud.lu:oss-lun-10",
            "/dev/sdv"
          ],
          "serial_83": "3600140547e0ffe43b3f464789f1653cc",
          "serial_80": "SLIO-ORG ost11           47e0ffe4-3b3f-4647-89f1-653cc1b7c954",
          "size": 5368709120,
          "filesystem_type": "mpath_member"
        },
        {
          "major_minor": "65:96",
          "parent": null,
          "partition_number": null,
          "path": "/dev/disk/by-id/scsi-3600140547e0ffe43b3f464789f1653cc",
          "paths": [
            "/dev/disk/by-id/scsi-3600140547e0ffe43b3f464789f1653cc",
            "/dev/disk/by-id/wwn-0x600140547e0ffe43b3f464789f1653cc",
            "/dev/disk/by-path/ip-10.73.40.10:3260-iscsi-iqn.2015-01.com.whamcloud.lu:oss-lun-10",
            "/dev/sdw"
          ],
          "serial_83": "3600140547e0ffe43b3f464789f1653cc",
          "serial_80": "SLIO-ORG ost11           47e0ffe4-3b3f-4647-89f1-653cc1b7c954",
          "size": 5368709120,
          "filesystem_type": "mpath_member"
        }
      ]
    },
    "mpathd": {
      "name": "mpathd",
      "block_device": "253:3",
      "nodes": [
        {
          "major_minor": "65:112",
          "parent": null,
          "partition_number": null,
          "path": "/dev/disk/by-id/scsi-360014053fe9e70a1aa8470faaa82b7b0",
          "paths": [
            "/dev/disk/by-id/scsi-360014053fe9e70a1aa8470faaa82b7b0",
            "/dev/disk/by-id/wwn-0x60014053fe9e70a1aa8470faaa82b7b0",
            "/dev/disk/by-path/ip-10.73.40.10:3260-iscsi-iqn.2015-01.com.whamcloud.lu:oss-lun-11",
            "/dev/sdx"
          ],
          "serial_83": "360014053fe9e70a1aa8470faaa82b7b0",
          "serial_80": "SLIO-ORG ost12           3fe9e70a-1aa8-470f-aaa8-2b7b0e525b83",
          "size": 5368709120,
          "filesystem_type": "mpath_member"
        },
        {
          "major_minor": "65:128",
          "parent": null,
          "partition_number": null,
          "path": "/dev/disk/by-id/scsi-360014053fe9e70a1aa8470faaa82b7b0",
          "paths": [
            "/dev/disk/by-id/scsi-360014053fe9e70a1aa8470faaa82b7b0",
            "/dev/disk/by-id/wwn-0x60014053fe9e70a1aa8470faaa82b7b0",
            "/dev/disk/by-path/ip-10.73.50.10:3260-iscsi-iqn.2015-01.com.whamcloud.lu:oss-lun-11",
            "/dev/sdy"
          ],
          "serial_83": "360014053fe9e70a1aa8470faaa82b7b0",
          "serial_80": "SLIO-ORG ost12           3fe9e70a-1aa8-470f-aaa8-2b7b0e525b83",
          "size": 5368709120,
          "filesystem_type": "mpath_member"
        }
      ]
    },
    "mpathe": {
      "name": "mpathe",
      "block_device": "253:4",
      "nodes": [
        {
          "major_minor": "65:144",
          "parent": null,
          "partition_number": null,
          "path": "/dev/disk/by-id/scsi-36001405139a84485b2d4ea5b4f59874c",
          "paths": [
            "/dev/disk/by-id/scsi-36001405139a84485b2d4ea5b4f59874c",
            "/dev/disk/by-id/wwn-0x6001405139a84485b2d4ea5b4f59874c",
            "/dev/disk/by-path/ip-10.73.40.10:3260-iscsi-iqn.2015-01.com.whamcloud.lu:oss-lun-12",
            "/dev/sdz"
          ],
          "serial_83": "36001405139a84485b2d4ea5b4f59874c",
          "serial_80": "SLIO-ORG ost13           139a8448-5b2d-4ea5-b4f5-9874cd16127b",
          "size": 5368709120,
          "filesystem_type": "mpath_member"
        },
        {
          "major_minor": "65:160",
          "parent": null,
          "partition_number": null,
          "path": "/dev/disk/by-id/scsi-36001405139a84485b2d4ea5b4f59874c",
          "paths": [
            "/dev/disk/by-id/scsi-36001405139a84485b2d4ea5b4f59874c",
            "/dev/disk/by-id/wwn-0x6001405139a84485b2d4ea5b4f59874c",
            "/dev/disk/by-path/ip-10.73.50.10:3260-iscsi-iqn.2015-01.com.whamcloud.lu:oss-lun-12",
            "/dev/sdaa"
          ],
          "serial_83": "36001405139a84485b2d4ea5b4f59874c",
          "serial_80": "SLIO-ORG ost13           139a8448-5b2d-4ea5-b4f5-9874cd16127b",
          "size": 5368709120,
          "filesystem_type": "mpath_member"
        }
      ]
    },
    "mpathf": {
      "name": "mpathf",
      "block_device": "253:5",
      "nodes": [
        {
          "major_minor": "65:176",
          "parent": null,
          "partition_number": null,
          "path": "/dev/disk/by-id/scsi-360014051755d7331b404ff68ae4b6e45",
          "paths": [
            "/dev/disk/by-id/scsi-360014051755d7331b404ff68ae4b6e45",
            "/dev/disk/by-id/wwn-0x60014051755d7331b404ff68ae4b6e45",
            "/dev/disk/by-path/ip-10.73.40.10:3260-iscsi-iqn.2015-01.com.whamcloud.lu:oss-lun-13",
            "/dev/sdab"
          ],
          "serial_83": "360014051755d7331b404ff68ae4b6e45",
          "serial_80": "SLIO-ORG ost14           1755d733-1b40-4ff6-8ae4-b6e4568b03e3",
          "size": 5368709120,
          "filesystem_type": "mpath_member"
        },
        {
          "major_minor": "65:192",
          "parent": null,
          "partition_number": null,
          "path": "/dev/disk/by-id/scsi-360014051755d7331b404ff68ae4b6e45",
          "paths": [
            "/dev/disk/by-id/scsi-360014051755d7331b404ff68ae4b6e45",
            "/dev/disk/by-id/wwn-0x60014051755d7331b404ff68ae4b6e45",
            "/dev/disk/by-path/ip-10.73.50.10:3260-iscsi-iqn.2015-01.com.whamcloud.lu:oss-lun-13",
            "/dev/sdac"
          ],
          "serial_83": "360014051755d7331b404ff68ae4b6e45",
          "serial_80": "SLIO-ORG ost14           1755d733-1b40-4ff6-8ae4-b6e4568b03e3",
          "size": 5368709120,
          "filesystem_type": "mpath_member"
        }
      ]
    },
    "mpathg": {
      "name": "mpathg",
      "block_device": "253:6",
      "nodes": [
        {
          "major_minor": "65:208",
          "parent": null,
          "partition_number": null,
          "path": "/dev/disk/by-id/scsi-36001405c525c75b8ee1471dbbb344dd8",
          "paths": [
            "/dev/disk/by-id/scsi-36001405c525c75b8ee1471dbbb344dd8",
            "/dev/disk/by-id/wwn-0x6001405c525c75b8ee1471dbbb344dd8",
            "/dev/disk/by-path/ip-10.73.40.10:3260-iscsi-iqn.2015-01.com.whamcloud.lu:oss-lun-14",
            "/dev/sdad"
          ],
          "serial_83": "36001405c525c75b8ee1471dbbb344dd8",
          "serial_80": "SLIO-ORG ost15           c525c75b-8ee1-471d-bbb3-44dd80198b3f",
          "size": 5368709120,
          "filesystem_type": "mpath_member"
        },
        {
          "major_minor": "65:224",
          "parent": null,
          "partition_number": null,
          "path": "/dev/disk/by-id/scsi-36001405c525c75b8ee1471dbbb344dd8",
          "paths": [
            "/dev/disk/by-id/scsi-36001405c525c75b8ee1471dbbb344dd8",
            "/dev/disk/by-id/wwn-0x6001405c525c75b8ee1471dbbb344dd8",
            "/dev/disk/by-path/ip-10.73.50.10:3260-iscsi-iqn.2015-01.com.whamcloud.lu:oss-lun-14",
            "/dev/sdae"
          ],
          "serial_83": "36001405c525c75b8ee1471dbbb344dd8",
          "serial_80": "SLIO-ORG ost15           c525c75b-8ee1-471d-bbb3-44dd80198b3f",
          "size": 5368709120,
          "filesystem_type": "mpath_member"
        }
      ]
    },
    "mpathh": {
      "name": "mpathh",
      "block_device": "253:7",
      "nodes": [
        {
          "major_minor": "65:240",
          "parent": null,
          "partition_number": null,
          "path": "/dev/disk/by-id/scsi-3600140598252aa12555428f94b6ea915",
          "paths": [
            "/dev/disk/by-id/scsi-3600140598252aa12555428f94b6ea915",
            "/dev/disk/by-id/wwn-0x600140598252aa12555428f94b6ea915",
            "/dev/disk/by-path/ip-10.73.40.10:3260-iscsi-iqn.2015-01.com.whamcloud.lu:oss-lun-15",
            "/dev/sdaf"
          ],
          "serial_83": "3600140598252aa12555428f94b6ea915",
          "serial_80": "SLIO-ORG ost16           98252aa1-2555-428f-94b6-ea915aadcd5a",
          "size": 5368709120,
          "filesystem_type": "mpath_member"
        },
        {
          "major_minor": "66:0",
          "parent": null,
          "partition_number": null,
          "path": "/dev/disk/by-id/scsi-3600140598252aa12555428f94b6ea915",
          "paths": [
            "/dev/disk/by-id/scsi-3600140598252aa12555428f94b6ea915",
            "/dev/disk/by-id/wwn-0x600140598252aa12555428f94b6ea915",
            "/dev/disk/by-path/ip-10.73.50.10:3260-iscsi-iqn.2015-01.com.whamcloud.lu:oss-lun-15",
            "/dev/sdag"
          ],
          "serial_83": "3600140598252aa12555428f94b6ea915",
          "serial_80": "SLIO-ORG ost16           98252aa1-2555-428f-94b6-ea915aadcd5a",
          "size": 5368709120,
          "filesystem_type": "mpath_member"
        }
      ]
    },
    "mpathi": {
      "name": "mpathi",
      "block_device": "253:8",
      "nodes": [
        {
          "major_minor": "66:16",
          "parent": null,
          "partition_number": null,
          "path": "/dev/disk/by-id/scsi-360014053fff9fd2761f4efe9143a33ff",
          "paths": [
            "/dev/disk/by-id/scsi-360014053fff9fd2761f4efe9143a33ff",
            "/dev/disk/by-id/wwn-0x60014053fff9fd2761f4efe9143a33ff",
            "/dev/disk/by-path/ip-10.73.50.10:3260-iscsi-iqn.2015-01.com.whamcloud.lu:oss-lun-16",
            "/dev/sdah"
          ],
          "serial_83": "360014053fff9fd2761f4efe9143a33ff",
          "serial_80": "SLIO-ORG ost17           3fff9fd2-761f-4efe-9143-a33ff9ff7a52",
          "size": 5368709120,
          "filesystem_type": "mpath_member"
        },
        {
          "major_minor": "66:32",
          "parent": null,
          "partition_number": null,
          "path": "/dev/disk/by-id/scsi-360014053fff9fd2761f4efe9143a33ff",
          "paths": [
            "/dev/disk/by-id/scsi-360014053fff9fd2761f4efe9143a33ff",
            "/dev/disk/by-id/wwn-0x60014053fff9fd2761f4efe9143a33ff",
            "/dev/disk/by-path/ip-10.73.40.10:3260-iscsi-iqn.2015-01.com.whamcloud.lu:oss-lun-16",
            "/dev/sdai"
          ],
          "serial_83": "360014053fff9fd2761f4efe9143a33ff",
          "serial_80": "SLIO-ORG ost17           3fff9fd2-761f-4efe-9143-a33ff9ff7a52",
          "size": 5368709120,
          "filesystem_type": "mpath_member"
        }
      ]
    },
    "mpathj": {
      "name": "mpathj",
      "block_device": "253:9",
      "nodes": [
        {
          "major_minor": "66:48",
          "parent": null,
          "partition_number": null,
          "path": "/dev/disk/by-id/scsi-360014051c12549d858d4562a2e178018",
          "paths": [
            "/dev/disk/by-id/scsi-360014051c12549d858d4562a2e178018",
            "/dev/disk/by-id/wwn-0x60014051c12549d858d4562a2e178018",
            "/dev/disk/by-path/ip-10.73.40.10:3260-iscsi-iqn.2015-01.com.whamcloud.lu:oss-lun-17",
            "/dev/sdaj"
          ],
          "serial_83": "360014051c12549d858d4562a2e178018",
          "serial_80": "SLIO-ORG ost18           1c12549d-858d-4562-a2e1-78018d748a6f",
          "size": 5368709120,
          "filesystem_type": "mpath_member"
        },
        {
          "major_minor": "66:64",
          "parent": null,
          "partition_number": null,
          "path": "/dev/disk/by-id/scsi-360014051c12549d858d4562a2e178018",
          "paths": [
            "/dev/disk/by-id/scsi-360014051c12549d858d4562a2e178018",
            "/dev/disk/by-id/wwn-0x60014051c12549d858d4562a2e178018",
            "/dev/disk/by-path/ip-10.73.50.10:3260-iscsi-iqn.2015-01.com.whamcloud.lu:oss-lun-17",
            "/dev/sdak"
          ],
          "serial_83": "360014051c12549d858d4562a2e178018",
          "serial_80": "SLIO-ORG ost18           1c12549d-858d-4562-a2e1-78018d748a6f",
          "size": 5368709120,
          "filesystem_type": "mpath_member"
        }
      ]
    },
    "mpathk": {
      "name": "mpathk",
      "block_device": "253:10",
      "nodes": [
        {
          "major_minor": "66:80",
          "parent": null,
          "partition_number": null,
          "path": "/dev/disk/by-id/scsi-36001405047a9e1ee2c04af6b26216f3a",
          "paths": [
            "/dev/disk/by-id/scsi-36001405047a9e1ee2c04af6b26216f3a",
            "/dev/disk/by-id/wwn-0x6001405047a9e1ee2c04af6b26216f3a",
            "/dev/disk/by-path/ip-10.73.40.10:3260-iscsi-iqn.2015-01.com.whamcloud.lu:oss-lun-18",
            "/dev/sdal"
          ],
          "serial_83": "36001405047a9e1ee2c04af6b26216f3a",
          "serial_80": "SLIO-ORG ost19           047a9e1e-e2c0-4af6-b262-16f3ac3ca915",
          "size": 5368709120,
          "filesystem_type": "mpath_member"
        },
        {
          "major_minor": "66:96",
          "parent": null,
          "partition_number": null,
          "path": "/dev/disk/by-id/scsi-36001405047a9e1ee2c04af6b26216f3a",
          "paths": [
            "/dev/disk/by-id/scsi-36001405047a9e1ee2c04af6b26216f3a",
            "/dev/disk/by-id/wwn-0x6001405047a9e1ee2c04af6b26216f3a",
            "/dev/disk/by-path/ip-10.73.50.10:3260-iscsi-iqn.2015-01.com.whamcloud.lu:oss-lun-18",
            "/dev/sdam"
          ],
          "serial_83": "36001405047a9e1ee2c04af6b26216f3a",
          "serial_80": "SLIO-ORG ost19           047a9e1e-e2c0-4af6-b262-16f3ac3ca915",
          "size": 5368709120,
          "filesystem_type": "mpath_member"
        }
      ]
    },
    "mpathl": {
      "name": "mpathl",
      "block_device": "253:11",
      "nodes": [
        {
          "major_minor": "66:112",
          "parent": null,
          "partition_number": null,
          "path": "/dev/disk/by-id/scsi-36001405b1662648389c47ae91f7f9c18",
          "paths": [
            "/dev/disk/by-id/scsi-36001405b1662648389c47ae91f7f9c18",
            "/dev/disk/by-id/wwn-0x6001405b1662648389c47ae91f7f9c18",
            "/dev/disk/by-path/ip-10.73.40.10:3260-iscsi-iqn.2015-01.com.whamcloud.lu:oss-lun-19",
            "/dev/sdan"
          ],
          "serial_83": "36001405b1662648389c47ae91f7f9c18",
          "serial_80": "SLIO-ORG ost20           b1662648-389c-47ae-91f7-f9c18ead9f54",
          "size": 5368709120,
          "filesystem_type": "mpath_member"
        },
        {
          "major_minor": "66:128",
          "parent": null,
          "partition_number": null,
          "path": "/dev/disk/by-id/scsi-36001405b1662648389c47ae91f7f9c18",
          "paths": [
            "/dev/disk/by-id/scsi-36001405b1662648389c47ae91f7f9c18",
            "/dev/disk/by-id/wwn-0x6001405b1662648389c47ae91f7f9c18",
            "/dev/disk/by-path/ip-10.73.50.10:3260-iscsi-iqn.2015-01.com.whamcloud.lu:oss-lun-19",
            "/dev/sdao"
          ],
          "serial_83": "36001405b1662648389c47ae91f7f9c18",
          "serial_80": "SLIO-ORG ost20           b1662648-389c-47ae-91f7-f9c18ead9f54",
          "size": 5368709120,
          "filesystem_type": "mpath_member"
        }
      ]
    },
    "mpathm": {
      "name": "mpathm",
      "block_device": "253:12",
      "nodes": [
        {
          "major_minor": "8:80",
          "parent": null,
          "partition_number": null,
          "path": "/dev/disk/by-id/scsi-360014051ea57ad4ffc243d6bcab8eb8c",
          "paths": [
            "/dev/disk/by-id/scsi-360014051ea57ad4ffc243d6bcab8eb8c",
            "/dev/disk/by-id/wwn-0x60014051ea57ad4ffc243d6bcab8eb8c",
            "/dev/disk/by-path/ip-10.73.40.10:3260-iscsi-iqn.2015-01.com.whamcloud.lu:oss-lun-2",
            "/dev/sdf"
          ],
          "serial_83": "360014051ea57ad4ffc243d6bcab8eb8c",
          "serial_80": "SLIO-ORG ost3            1ea57ad4-ffc2-43d6-bcab-8eb8c2a60bfb",
          "size": 5368709120,
          "filesystem_type": "mpath_member"
        },
        {
          "major_minor": "8:96",
          "parent": null,
          "partition_number": null,
          "path": "/dev/disk/by-id/scsi-360014051ea57ad4ffc243d6bcab8eb8c",
          "paths": [
            "/dev/disk/by-id/scsi-360014051ea57ad4ffc243d6bcab8eb8c",
            "/dev/disk/by-id/wwn-0x60014051ea57ad4ffc243d6bcab8eb8c",
            "/dev/disk/by-path/ip-10.73.50.10:3260-iscsi-iqn.2015-01.com.whamcloud.lu:oss-lun-2",
            "/dev/sdg"
          ],
          "serial_83": "360014051ea57ad4ffc243d6bcab8eb8c",
          "serial_80": "SLIO-ORG ost3            1ea57ad4-ffc2-43d6-bcab-8eb8c2a60bfb",
          "size": 5368709120,
          "filesystem_type": "mpath_member"
        }
      ]
    },
    "mpathn": {
      "name": "mpathn",
      "block_device": "253:13",
      "nodes": [
        {
          "major_minor": "8:112",
          "parent": null,
          "partition_number": null,
          "path": "/dev/disk/by-id/scsi-36001405c9535ca96e924f9fa2e32ed89",
          "paths": [
            "/dev/disk/by-id/scsi-36001405c9535ca96e924f9fa2e32ed89",
            "/dev/disk/by-id/wwn-0x6001405c9535ca96e924f9fa2e32ed89",
            "/dev/disk/by-path/ip-10.73.40.10:3260-iscsi-iqn.2015-01.com.whamcloud.lu:oss-lun-3",
            "/dev/sdh"
          ],
          "serial_83": "36001405c9535ca96e924f9fa2e32ed89",
          "serial_80": "SLIO-ORG ost4            c9535ca9-6e92-4f9f-a2e3-2ed89e8cf8be",
          "size": 5368709120,
          "filesystem_type": "mpath_member"
        },
        {
          "major_minor": "8:128",
          "parent": null,
          "partition_number": null,
          "path": "/dev/disk/by-id/scsi-36001405c9535ca96e924f9fa2e32ed89",
          "paths": [
            "/dev/disk/by-id/scsi-36001405c9535ca96e924f9fa2e32ed89",
            "/dev/disk/by-id/wwn-0x6001405c9535ca96e924f9fa2e32ed89",
            "/dev/disk/by-path/ip-10.73.50.10:3260-iscsi-iqn.2015-01.com.whamcloud.lu:oss-lun-3",
            "/dev/sdi"
          ],
          "serial_83": "36001405c9535ca96e924f9fa2e32ed89",
          "serial_80": "SLIO-ORG ost4            c9535ca9-6e92-4f9f-a2e3-2ed89e8cf8be",
          "size": 5368709120,
          "filesystem_type": "mpath_member"
        }
      ]
    },
    "mpatho": {
      "name": "mpatho",
      "block_device": "253:14",
      "nodes": [
        {
          "major_minor": "8:144",
          "parent": null,
          "partition_number": null,
          "path": "/dev/disk/by-id/scsi-36001405aa1a4a2010734758a9e57c178",
          "paths": [
            "/dev/disk/by-id/scsi-36001405aa1a4a2010734758a9e57c178",
            "/dev/disk/by-id/wwn-0x6001405aa1a4a2010734758a9e57c178",
            "/dev/disk/by-path/ip-10.73.40.10:3260-iscsi-iqn.2015-01.com.whamcloud.lu:oss-lun-4",
            "/dev/sdj"
          ],
          "serial_83": "36001405aa1a4a2010734758a9e57c178",
          "serial_80": "SLIO-ORG ost5            aa1a4a20-1073-4758-a9e5-7c178c6ed8ef",
          "size": 5368709120,
          "filesystem_type": "mpath_member"
        },
        {
          "major_minor": "8:160",
          "parent": null,
          "partition_number": null,
          "path": "/dev/disk/by-id/scsi-36001405aa1a4a2010734758a9e57c178",
          "paths": [
            "/dev/disk/by-id/scsi-36001405aa1a4a2010734758a9e57c178",
            "/dev/disk/by-id/wwn-0x6001405aa1a4a2010734758a9e57c178",
            "/dev/disk/by-path/ip-10.73.50.10:3260-iscsi-iqn.2015-01.com.whamcloud.lu:oss-lun-4",
            "/dev/sdk"
          ],
          "serial_83": "36001405aa1a4a2010734758a9e57c178",
          "serial_80": "SLIO-ORG ost5            aa1a4a20-1073-4758-a9e5-7c178c6ed8ef",
          "size": 5368709120,
          "filesystem_type": "mpath_member"
        }
      ]
    },
    "mpathp": {
      "name": "mpathp",
      "block_device": "253:15",
      "nodes": [
        {
          "major_minor": "8:176",
          "parent": null,
          "partition_number": null,
          "path": "/dev/disk/by-id/scsi-360014058a65c188c7f84052b1b1185d2",
          "paths": [
            "/dev/disk/by-id/scsi-360014058a65c188c7f84052b1b1185d2",
            "/dev/disk/by-id/wwn-0x60014058a65c188c7f84052b1b1185d2",
            "/dev/disk/by-path/ip-10.73.40.10:3260-iscsi-iqn.2015-01.com.whamcloud.lu:oss-lun-5",
            "/dev/sdl"
          ],
          "serial_83": "360014058a65c188c7f84052b1b1185d2",
          "serial_80": "SLIO-ORG ost6            8a65c188-c7f8-4052-b1b1-185d239005ea",
          "size": 5368709120,
          "filesystem_type": "mpath_member"
        },
        {
          "major_minor": "8:192",
          "parent": null,
          "partition_number": null,
          "path": "/dev/disk/by-id/scsi-360014058a65c188c7f84052b1b1185d2",
          "paths": [
            "/dev/disk/by-id/scsi-360014058a65c188c7f84052b1b1185d2",
            "/dev/disk/by-id/wwn-0x60014058a65c188c7f84052b1b1185d2",
            "/dev/disk/by-path/ip-10.73.50.10:3260-iscsi-iqn.2015-01.com.whamcloud.lu:oss-lun-5",
            "/dev/sdm"
          ],
          "serial_83": "360014058a65c188c7f84052b1b1185d2",
          "serial_80": "SLIO-ORG ost6            8a65c188-c7f8-4052-b1b1-185d239005ea",
          "size": 5368709120,
          "filesystem_type": "mpath_member"
        }
      ]
    },
    "mpathq": {
      "name": "mpathq",
      "block_device": "253:16",
      "nodes": [
        {
          "major_minor": "8:208",
          "parent": null,
          "partition_number": null,
          "path": "/dev/disk/by-id/scsi-360014054e9b5031f3434c56a0746de1f",
          "paths": [
            "/dev/disk/by-id/scsi-360014054e9b5031f3434c56a0746de1f",
            "/dev/disk/by-id/wwn-0x60014054e9b5031f3434c56a0746de1f",
            "/dev/disk/by-path/ip-10.73.40.10:3260-iscsi-iqn.2015-01.com.whamcloud.lu:oss-lun-6",
            "/dev/sdn"
          ],
          "serial_83": "360014054e9b5031f3434c56a0746de1f",
          "serial_80": "SLIO-ORG ost7            4e9b5031-f343-4c56-a074-6de1feb8f72c",
          "size": 5368709120,
          "filesystem_type": "mpath_member"
        },
        {
          "major_minor": "8:224",
          "parent": null,
          "partition_number": null,
          "path": "/dev/disk/by-id/scsi-360014054e9b5031f3434c56a0746de1f",
          "paths": [
            "/dev/disk/by-id/scsi-360014054e9b5031f3434c56a0746de1f",
            "/dev/disk/by-id/wwn-0x60014054e9b5031f3434c56a0746de1f",
            "/dev/disk/by-path/ip-10.73.50.10:3260-iscsi-iqn.2015-01.com.whamcloud.lu:oss-lun-6",
            "/dev/sdo"
          ],
          "serial_83": "360014054e9b5031f3434c56a0746de1f",
          "serial_80": "SLIO-ORG ost7            4e9b5031-f343-4c56-a074-6de1feb8f72c",
          "size": 5368709120,
          "filesystem_type": "mpath_member"
        }
      ]
    },
    "mpathr": {
      "name": "mpathr",
      "block_device": "253:17",
      "nodes": [
        {
          "major_minor": "65:0",
          "parent": null,
          "partition_number": null,
          "path": "/dev/disk/by-id/scsi-3600140547f1dbaca8e344809057273c5",
          "paths": [
            "/dev/disk/by-id/scsi-3600140547f1dbaca8e344809057273c5",
            "/dev/disk/by-id/wwn-0x600140547f1dbaca8e344809057273c5",
            "/dev/disk/by-path/ip-10.73.50.10:3260-iscsi-iqn.2015-01.com.whamcloud.lu:oss-lun-7",
            "/dev/sdq"
          ],
          "serial_83": "3600140547f1dbaca8e344809057273c5",
          "serial_80": "SLIO-ORG ost8            47f1dbac-a8e3-4480-9057-273c502f4dd6",
          "size": 5368709120,
          "filesystem_type": "mpath_member"
        },
        {
          "major_minor": "8:240",
          "parent": null,
          "partition_number": null,
          "path": "/dev/disk/by-id/scsi-3600140547f1dbaca8e344809057273c5",
          "paths": [
            "/dev/disk/by-id/scsi-3600140547f1dbaca8e344809057273c5",
            "/dev/disk/by-id/wwn-0x600140547f1dbaca8e344809057273c5",
            "/dev/disk/by-path/ip-10.73.40.10:3260-iscsi-iqn.2015-01.com.whamcloud.lu:oss-lun-7",
            "/dev/sdp"
          ],
          "serial_83": "3600140547f1dbaca8e344809057273c5",
          "serial_80": "SLIO-ORG ost8            47f1dbac-a8e3-4480-9057-273c502f4dd6",
          "size": 5368709120,
          "filesystem_type": "mpath_member"
        }
      ]
    },
    "mpaths": {
      "name": "mpaths",
      "block_device": "253:18",
      "nodes": [
        {
          "major_minor": "65:16",
          "parent": null,
          "partition_number": null,
          "path": "/dev/disk/by-id/scsi-36001405ce127d66323a4c279ca70706a",
          "paths": [
            "/dev/disk/by-id/scsi-36001405ce127d66323a4c279ca70706a",
            "/dev/disk/by-id/wwn-0x6001405ce127d66323a4c279ca70706a",
            "/dev/disk/by-path/ip-10.73.40.10:3260-iscsi-iqn.2015-01.com.whamcloud.lu:oss-lun-8",
            "/dev/sdr"
          ],
          "serial_83": "36001405ce127d66323a4c279ca70706a",
          "serial_80": "SLIO-ORG ost9            ce127d66-323a-4c27-9ca7-0706adf87bd6",
          "size": 5368709120,
          "filesystem_type": "mpath_member"
        },
        {
          "major_minor": "65:32",
          "parent": null,
          "partition_number": null,
          "path": "/dev/disk/by-id/scsi-36001405ce127d66323a4c279ca70706a",
          "paths": [
            "/dev/disk/by-id/scsi-36001405ce127d66323a4c279ca70706a",
            "/dev/disk/by-id/wwn-0x6001405ce127d66323a4c279ca70706a",
            "/dev/disk/by-path/ip-10.73.50.10:3260-iscsi-iqn.2015-01.com.whamcloud.lu:oss-lun-8",
            "/dev/sds"
          ],
          "serial_83": "36001405ce127d66323a4c279ca70706a",
          "serial_80": "SLIO-ORG ost9            ce127d66-323a-4c27-9ca7-0706adf87bd6",
          "size": 5368709120,
          "filesystem_type": "mpath_member"
        }
      ]
    },
    "mpatht": {
      "name": "mpatht",
      "block_device": "253:19",
      "nodes": [
        {
          "major_minor": "65:48",
          "parent": null,
          "partition_number": null,
          "path": "/dev/disk/by-id/scsi-3600140564eea787d99444d79c15fc577",
          "paths": [
            "/dev/disk/by-id/scsi-3600140564eea787d99444d79c15fc577",
            "/dev/disk/by-id/wwn-0x600140564eea787d99444d79c15fc577",
            "/dev/disk/by-path/ip-10.73.40.10:3260-iscsi-iqn.2015-01.com.whamcloud.lu:oss-lun-9",
            "/dev/sdt"
          ],
          "serial_83": "3600140564eea787d99444d79c15fc577",
          "serial_80": "SLIO-ORG ost10           64eea787-d994-44d7-9c15-fc577fde7809",
          "size": 5368709120,
          "filesystem_type": "mpath_member"
        },
        {
          "major_minor": "65:64",
          "parent": null,
          "partition_number": null,
          "path": "/dev/disk/by-id/scsi-3600140564eea787d99444d79c15fc577",
          "paths": [
            "/dev/disk/by-id/scsi-3600140564eea787d99444d79c15fc577",
            "/dev/disk/by-id/wwn-0x600140564eea787d99444d79c15fc577",
            "/dev/disk/by-path/ip-10.73.50.10:3260-iscsi-iqn.2015-01.com.whamcloud.lu:oss-lun-9",
            "/dev/sdu"
          ],
          "serial_83": "3600140564eea787d99444d79c15fc577",
          "serial_80": "SLIO-ORG ost10           64eea787-d994-44d7-9c15-fc577fde7809",
          "size": 5368709120,
          "filesystem_type": "mpath_member"
        }
      ]
    }
  },
  "vgs": {
    "vg1": {
      "name": "vg1",
      "uuid": "UDIbPXrzaeBLNKim8kDOqcWfXbG2eRKt",
      "size": 0,
      "pvs_major_minor": [
        "253:6"
      ]
    }
  },
  "lvs": {
    "vg1": {
      "lv1": {
        "block_device": "lv:9rYEeS4U3eCNTgx1UovfQIXv16TTjel4",
        "size": 67108864,
        "uuid": "9rYEeS4U3eCNTgx1UovfQIXv16TTjel4",
        "name": "lv1"
      }
    }
  }
}
