---
source: iml-system-test-utils/src/snapshots.rs
expression: "print_edges(&graph, &edges)"
---
edge: All has nodes (Snapshot { name: Init, available: true }, Snapshot { name: Bare, available: false })
edge: LdiskfsOrZfs has nodes (Snapshot { name: Bare, available: false }, Snapshot { name: ImlConfigured, available: false })
edge: LdiskfsOrZfs has nodes (Snapshot { name: ImlConfigured, available: false }, Snapshot { name: ServersDeployed, available: false })
edge: Zfs has nodes (Snapshot { name: ServersDeployed, available: false }, Snapshot { name: ZfsInstalled, available: false })
edge: Zfs has nodes (Snapshot { name: ZfsInstalled, available: false }, Snapshot { name: ZfsCreated, available: false })

