---
source: iml-agent/src/crm_reader.rs
expression: output
---
Cluster {
    nodes: [
        Node {
            name: "ai400-0a9c-vm00",
            id: "4",
            online: true,
            standby: false,
            standby_onfail: false,
            maintenance: false,
            pending: false,
            unclean: false,
            shutdown: false,
            expected_up: true,
            is_dc: false,
            resources_running: 13,
            type: Member,
        },
        Node {
            name: "ai400-0a9c-vm01",
            id: "3",
            online: true,
            standby: false,
            standby_onfail: false,
            maintenance: false,
            pending: false,
            unclean: false,
            shutdown: false,
            expected_up: true,
            is_dc: true,
            resources_running: 10,
            type: Member,
        },
        Node {
            name: "ai400-0a9c-vm02",
            id: "2",
            online: true,
            standby: false,
            standby_onfail: false,
            maintenance: false,
            pending: false,
            unclean: false,
            shutdown: false,
            expected_up: true,
            is_dc: false,
            resources_running: 9,
            type: Member,
        },
        Node {
            name: "ai400-0a9c-vm03",
            id: "1",
            online: true,
            standby: false,
            standby_onfail: false,
            maintenance: false,
            pending: false,
            unclean: false,
            shutdown: false,
            expected_up: true,
            is_dc: false,
            resources_running: 9,
            type: Member,
        },
    ],
}
