---
source: iml-agent/src/network_interface_stats.rs
expression: stats
---
{
    "eth2": InterfaceStats {
        rx: RxStats {
            bytes: 1091573,
            packets: 3372,
            errs: 0,
            drop: 0,
            fifo: 0,
            frame: 0,
            compressed: 0,
            multicast: 0,
        },
        tx: TxStats {
            bytes: 2459047,
            packets: 4138,
            errs: 0,
            drop: 0,
            fifo: 0,
            colls: 0,
            carrier: 0,
            compressed: 0,
        },
    },
    "eth4": InterfaceStats {
        rx: RxStats {
            bytes: 26325310,
            packets: 19909,
            errs: 0,
            drop: 0,
            fifo: 0,
            frame: 0,
            compressed: 0,
            multicast: 0,
        },
        tx: TxStats {
            bytes: 429910,
            packets: 4904,
            errs: 0,
            drop: 0,
            fifo: 0,
            colls: 0,
            carrier: 0,
            compressed: 0,
        },
    },
    "eth5": InterfaceStats {
        rx: RxStats {
            bytes: 31806,
            packets: 93,
            errs: 0,
            drop: 0,
            fifo: 0,
            frame: 0,
            compressed: 0,
            multicast: 0,
        },
        tx: TxStats {
            bytes: 49756,
            packets: 298,
            errs: 0,
            drop: 0,
            fifo: 0,
            colls: 0,
            carrier: 0,
            compressed: 0,
        },
    },
    "eth0": InterfaceStats {
        rx: RxStats {
            bytes: 72453387,
            packets: 55109,
            errs: 0,
            drop: 0,
            fifo: 0,
            frame: 0,
            compressed: 0,
            multicast: 0,
        },
        tx: TxStats {
            bytes: 630390,
            packets: 9575,
            errs: 0,
            drop: 0,
            fifo: 0,
            colls: 0,
            carrier: 0,
            compressed: 0,
        },
    },
    "eth1": InterfaceStats {
        rx: RxStats {
            bytes: 2798442,
            packets: 6135,
            errs: 0,
            drop: 0,
            fifo: 0,
            frame: 0,
            compressed: 0,
            multicast: 0,
        },
        tx: TxStats {
            bytes: 8610706,
            packets: 9224,
            errs: 0,
            drop: 0,
            fifo: 0,
            colls: 0,
            carrier: 0,
            compressed: 0,
        },
    },
    "eth3": InterfaceStats {
        rx: RxStats {
            bytes: 24179790,
            packets: 34425,
            errs: 0,
            drop: 0,
            fifo: 0,
            frame: 0,
            compressed: 0,
            multicast: 0,
        },
        tx: TxStats {
            bytes: 260688912,
            packets: 179147,
            errs: 0,
            drop: 0,
            fifo: 0,
            colls: 0,
            carrier: 0,
            compressed: 0,
        },
    },
}
