---
source: wbem-client/src/sfa_classes.rs
expression: xs
---
[
    Ok(
        SfaEnclosure {
            oid: 1342177280,
            element_name: "Enclosure_00",
            health_state: Ok,
            position: 0,
            enclosure_type: Controller,
        },
    ),
    Ok(
        SfaEnclosure {
            oid: 1342177281,
            element_name: "Enclosure_01",
            health_state: Ok,
            position: 1,
            enclosure_type: Disk,
        },
    ),
    Ok(
        SfaEnclosure {
            oid: 1342177282,
            element_name: "Enclosure_02",
            health_state: Ok,
            position: 2,
            enclosure_type: Disk,
        },
    ),
    Ok(
        SfaEnclosure {
            oid: 1342177283,
            element_name: "Enclosure_03",
            health_state: Ok,
            position: 0,
            enclosure_type: Controller,
        },
    ),
]
