---
source: iml-services/iml-network/src/main.rs
expression: parsed_data
---
(
    Some(
        (
            [
                "o2ib",
                "o2ib",
                "o2ib",
                "tcp",
            ],
            [
                2,
                2,
                2,
                2,
            ],
            [
                "172.16.0.24@o2ib",
                "172.16.0.26@o2ib",
                "172.16.0.28@o2ib",
                "10.73.20.21@tcp",
            ],
            [
                "down",
                "up",
                "up",
                "up",
            ],
            [
                "ib0,ib3",
                "",
                "ib1,ib4,ib5",
                "eth1,eth2",
            ],
        ),
    ),
    Up,
)
